Component: ARM Compiler 5.06 update 6 (build 750) Tool: armlink [4d35ed]

==============================================================================

Section Cross References

    startup_stm32f10x_hd.o(RESET) refers to startup_stm32f10x_hd.o(STACK) for __initial_sp
    startup_stm32f10x_hd.o(RESET) refers to startup_stm32f10x_hd.o(.text) for Reset_Handler
    startup_stm32f10x_hd.o(RESET) refers to stm32f10x_it.o(.text) for NMI_Handler
    startup_stm32f10x_hd.o(RESET) refers to port.o(.emb_text) for SVC_Handler
    startup_stm32f10x_hd.o(RESET) refers to encoder.o(.text) for TIM2_IRQHandler
    startup_stm32f10x_hd.o(RESET) refers to usart.o(.text) for USART1_IRQHandler
    startup_stm32f10x_hd.o(RESET) refers to vl53.o(.text) for USART2_IRQHandler
    startup_stm32f10x_hd.o(RESET) refers to software_usart.o(.text) for EXTI15_10_IRQHandler
    startup_stm32f10x_hd.o(RESET) refers to jy62.o(.text) for UART4_IRQHandler
    startup_stm32f10x_hd.o(.text) refers to system_stm32f10x.o(.text) for SystemInit
    startup_stm32f10x_hd.o(.text) refers to entry.o(.ARM.Collect$$$$00000000) for __main
    system_stm32f10x.o(.text) refers to system_stm32f10x.o(.data) for SystemCoreClock
    stm32f10x_adc.o(.text) refers to stm32f10x_rcc.o(.text) for RCC_APB2PeriphResetCmd
    stm32f10x_bkp.o(.text) refers to stm32f10x_rcc.o(.text) for RCC_BackupResetCmd
    stm32f10x_can.o(.text) refers to stm32f10x_rcc.o(.text) for RCC_APB1PeriphResetCmd
    stm32f10x_cec.o(.text) refers to stm32f10x_rcc.o(.text) for RCC_APB1PeriphResetCmd
    stm32f10x_dac.o(.text) refers to stm32f10x_rcc.o(.text) for RCC_APB1PeriphResetCmd
    stm32f10x_gpio.o(.text) refers to stm32f10x_rcc.o(.text) for RCC_APB2PeriphResetCmd
    stm32f10x_i2c.o(.text) refers to stm32f10x_rcc.o(.text) for RCC_APB1PeriphResetCmd
    stm32f10x_pwr.o(.text) refers to stm32f10x_rcc.o(.text) for RCC_APB1PeriphResetCmd
    stm32f10x_rcc.o(.text) refers to stm32f10x_rcc.o(.data) for APBAHBPrescTable
    stm32f10x_spi.o(.text) refers to stm32f10x_rcc.o(.text) for RCC_APB2PeriphResetCmd
    stm32f10x_tim.o(.text) refers to stm32f10x_rcc.o(.text) for RCC_APB2PeriphResetCmd
    stm32f10x_usart.o(.text) refers to stm32f10x_rcc.o(.text) for RCC_APB2PeriphResetCmd
    stm32f10x_wwdg.o(.text) refers to stm32f10x_rcc.o(.text) for RCC_APB1PeriphResetCmd
    main.o(.text) refers to fflti.o(.text) for __aeabi_i2f
    main.o(.text) refers to pid.o(.text) for PID_Realize
    main.o(.text) refers to ffixi.o(.text) for __aeabi_f2iz
    main.o(.text) refers to port.o(.text) for vPortEnterCritical
    main.o(.text) refers to fadd.o(.text) for __aeabi_fsub
    main.o(.text) refers to f2d.o(.text) for __aeabi_f2d
    main.o(.text) refers to cdcmple.o(.text) for __aeabi_cdcmple
    main.o(.text) refers to timers.o(.text) for xTimerGenericCommand
    main.o(.text) refers to driver.o(.text) for Advance
    main.o(.text) refers to pwm.o(.text) for SetCompare1
    main.o(.text) refers to fdiv.o(.text) for __aeabi_fdiv
    main.o(.text) refers to fmul.o(.text) for __aeabi_fmul
    main.o(.text) refers to usart.o(.text) for VOFA_Send_float
    main.o(.text) refers to main.o(.bss) for position_of_car
    main.o(.text) refers to main.o(.data) for X_Speed
    main.o(.text) refers to jy62.o(.data) for stcAngle
    main.o(.text) refers to vl53.o(.text) for VL53_Send_Agrement
    main.o(.text) refers to tasks.o(.text) for vTaskDelay
    main.o(.text) refers to buffer.o(.text) for have_enough_data
    main.o(.text) refers to encoder.o(.text) for Read_Encoder
    main.o(.text) refers to memcmp.o(.text) for memcmp
    main.o(.text) refers to ffltui.o(.text) for __aeabi_ui2f
    main.o(.text) refers to sys.o(.text) for Read_RGB
    main.o(.text) refers to buffer.o(.bss) for U3_buffer
    main.o(.text) refers to main.o(.constdata) for VL53_Agreement_RX
    main.o(.text) refers to vl53.o(.bss) for VL53_USARTX_Buff
    main.o(.text) refers to sys.o(.data) for RGB
    main.o(.text) refers to software_usart.o(.text) for USART_Send
    main.o(.text) refers to printfa.o(i.__0printf) for __2printf
    main.o(.text) refers to queue.o(.text) for xQueueGenericCreate
    main.o(.text) refers to event_groups.o(.text) for xEventGroupCreate
    main.o(.text) refers to stm32f10x_rcc.o(.text) for RCC_GetClocksFreq
    main.o(.text) refers to misc.o(.text) for NVIC_PriorityGroupConfig
    main.o(.text) refers to delay.o(.text) for TIMX_Delay_Init
    main.o(.text) refers to jy62.o(.text) for USART4_Config_JY62
    main.o(.text) refers to bsp_led.o(.text) for LED_GPIO_Config
    main.o(.text) refers to oled.o(.text) for OLED_Init
    main.o(.text) refers to software_iic.o(.text) for IIC_Init
    main.o(.text) refers to stm32f10x_gpio.o(.text) for GPIO_SetBits
    main.o(.text) refers to jy62.o(.constdata) for ACCCMD
    stm32f10x_it.o(.text) refers to tasks.o(.text) for xTaskGetSchedulerState
    stm32f10x_it.o(.text) refers to port.o(.text) for xPortSysTickHandler
[...]
    .text                                    0x0800896c   Section        0  memcpya.o(.text)
    .text                                    0x08008990   Section        0  memseta.o(.text)
    .text                                    0x080089b4   Section        0  strlen.o(.text)
    .text                                    0x080089c2   Section        0  memcmp.o(.text)
    .text                                    0x080089dc   Section        0  fadd.o(.text)
    .text                                    0x08008a8c   Section        0  fmul.o(.text)
    .text                                    0x08008af0   Section        0  fdiv.o(.text)
    .text                                    0x08008b6c   Section        0  ddiv.o(.text)
    .text                                    0x08008c4a   Section        0  fflti.o(.text)
    .text                                    0x08008c5c   Section        0  ffltui.o(.text)
    .text                                    0x08008c66   Section        0  ffixi.o(.text)
    .text                                    0x08008c98   Section        0  dfixi.o(.text)
    .text                                    0x08008cd6   Section        0  f2d.o(.text)
    .text                                    0x08008cfc   Section       48  cdcmple.o(.text)
    .text                                    0x08008d2c   Section       48  cdrcmple.o(.text)
    .text                                    0x08008d5c   Section        0  d2f.o(.text)
    .text                                    0x08008d94   Section       20  cfcmple.o(.text)
    .text                                    0x08008da8   Section       20  cfrcmple.o(.text)
    .text                                    0x08008dbc   Section        0  uidiv.o(.text)
    .text                                    0x08008de8   Section        0  uldiv.o(.text)
    .text                                    0x08008e4a   Section        0  llushr.o(.text)
    .text                                    0x08008e6a   Section        0  fepilogue.o(.text)
    .text                                    0x08008e6a   Section        0  iusefp.o(.text)
    .text                                    0x08008ed8   Section        0  depilogue.o(.text)
    .text                                    0x08008f92   Section        0  dadd.o(.text)
    .text                                    0x080090e0   Section        0  dmul.o(.text)
    .text                                    0x080091c4   Section        0  dfixul.o(.text)
    .text                                    0x080091f4   Section       36  init.o(.text)
    .text                                    0x08009218   Section        0  llshl.o(.text)
    .text                                    0x08009236   Section        0  llsshr.o(.text)
    .text                                    0x0800925a   Section        0  __dczerorl2.o(.text)
    i.__0printf                              0x080092b0   Section        0  printfa.o(i.__0printf)
    i.__0sprintf                             0x080092d0   Section        0  printfa.o(i.__0sprintf)
    i.__scatterload_copy                     0x080092f8   Section       14  handlers.o(i.__scatterload_copy)
    i.__scatterload_null                     0x08009306   Section        2  handlers.o(i.__scatterload_null)
    i.__scatterload_zeroinit                 0x08009308   Section       14  handlers.o(i.__scatterload_zeroinit)
    i._fp_digits                             0x08009318   Section        0  printfa.o(i._fp_digits)
    _fp_digits                               0x08009319   Thumb Code   366  printfa.o(i._fp_digits)
    i._printf_core                           0x0800949c   Section        0  printfa.o(i._printf_core)
    _printf_core                             0x0800949d   Thumb Code  1744  printfa.o(i._printf_core)
    i._printf_post_padding                   0x08009b78   Section        0  printfa.o(i._printf_post_padding)
    _printf_post_padding                     0x08009b79   Thumb Code    36  printfa.o(i._printf_post_padding)
    i._printf_pre_padding                    0x08009b9c   Section        0  printfa.o(i._printf_pre_padding)
    _printf_pre_padding                      0x08009b9d   Thumb Code    46  printfa.o(i._printf_pre_padding)
    i._sputc                                 0x08009bca   Section        0  printfa.o(i._sputc)
    _sputc                                   0x08009bcb   Thumb Code    10  printfa.o(i._sputc)
    i.floor                                  0x08009bd4   Section        0  floor.o(i.floor)
    .constdata                               0x08009cb0   Section        6  main.o(.constdata)
    VL53_Agreement_RX                        0x08009cb0   Data           3  main.o(.constdata)
    upper_head                               0x08009cb3   Data           3  main.o(.constdata)
    .constdata                               0x08009cb8   Section       16  driver.o(.constdata)
    .constdata                               0x08009cc8   Section       15  jy62.o(.constdata)
    .constdata                               0x08009cd7   Section     1520  oled_font.o(.constdata)
    .data                                    0x20000000   Section       20  system_stm32f10x.o(.data)
    .data                                    0x20000014   Section       20  stm32f10x_rcc.o(.data)
    APBAHBPrescTable                         0x20000014   Data          16  stm32f10x_rcc.o(.data)
    ADCPrescTable                            0x20000024   Data           4  stm32f10x_rcc.o(.data)
    .data                                    0x20000028   Section      130  main.o(.data)
    Turn_Angle_Handle                        0x2000002c   Data           4  main.o(.data)
    sendto_Upper_Handle                      0x20000030   Data           4  main.o(.data)
    line_walking_Handle                      0x20000034   Data           4  main.o(.data)
    analyse_data_Handle                      0x20000038   Data           4  main.o(.data)
    Achieve_Distance_For_Front_Laser_Handle  0x2000003c   Data           4  main.o(.data)
    Achieve_Distance_For_Right_Laser_Handle  0x20000040   Data           4  main.o(.data)
    Car_Running_Handle                       0x20000044   Data           4  main.o(.data)
    Go_Forward_Base_On_Encoder_Handle        0x20000048   Data           4  main.o(.data)
    Pan_Left_Base_On_Encoder_Handle          0x2000004c   Data           4  main.o(.data)
    OLED_SHOW_Handle                         0x20000050   Data           4  main.o(.data)
    AppTaskCreate_Handle                     0x20000054   Data           4  main.o(.data)
    Task__ONE_Handle                         0x20000058   Data           4  main.o(.data)
    Task__TWO_Handle                         0x2000005c   Data           4  main.o(.data)
    Task__THREE_Handle                       0x20000060   Data           4  main.o(.data)
    Task__FOUR_Handle                        0x20000064   Data           4  main.o(.data)
    Group_One_Handle                         0x20000068   Data           4  main.o(.data)
    i                                        0x20000094   Data           4  main.o(.data)
    i                                        0x20000098   Data           4  main.o(.data)
    i                                        0x2000009c   Data           4  main.o(.data)
    i                                        0x200000a0   Data           4  main.o(.data)
    i                                        0x200000a4   Data           1  main.o(.data)
    index                                    0x200000a5   Data           1  main.o(.data)
    local_dataFromLinux                      0x200000a6   Data           4  main.o(.data)
    .data                                    0x200000aa   Section       27  jy62.o(.data)
    ucRxCnt                                  0x200000c4   Data           1  jy62.o(.data)
    .data                                    0x200000c5   Section        3  software_usart.o(.data)
    .data                                    0x200000c8   Section        8  sys.o(.data)
    .data                                    0x200000d0   Section        4  usart.o(.data)
    .data                                    0x200000d4   Section       60  tasks.o(.data)
    pxDelayedTaskList                        0x200000d8   Data           4  tasks.o(.data)
    pxOverflowDelayedTaskList                0x200000dc   Data           4  tasks.o(.data)
    uxDeletedTasksWaitingCleanUp             0x200000e0   Data           4  tasks.o(.data)
    uxCurrentNumberOfTasks                   0x200000e4   Data           4  tasks.o(.data)
    xTickCount                               0x200000e8   Data           4  tasks.o(.data)
    uxTopReadyPriority                       0x200000ec   Data           4  tasks.o(.data)
    xSchedulerRunning                        0x200000f0   Data           4  tasks.o(.data)
    uxPendedTicks                            0x200000f4   Data           4  tasks.o(.data)
    xYieldPending                            0x200000f8   Data           4  tasks.o(.data)
    xNumOfOverflows                          0x200000fc   Data           4  tasks.o(.data)
    uxTaskNumber                             0x20000100   Data           4  tasks.o(.data)
    xNextTaskUnblockTime                     0x20000104   Data           4  tasks.o(.data)
    xIdleTaskHandle                          0x20000108   Data           4  tasks.o(.data)
    uxSchedulerSuspended                     0x2000010c   Data           4  tasks.o(.data)
    .data                                    0x20000110   Section       20  timers.o(.data)
    pxCurrentTimerList                       0x20000110   Data           4  timers.o(.data)
    pxOverflowTimerList                      0x20000114   Data           4  timers.o(.data)
    xTimerQueue                              0x20000118   Data           4  timers.o(.data)
    xTimerTaskHandle                         0x2000011c   Data           4  timers.o(.data)
    xLastTime                                0x20000120   Data           4  timers.o(.data)
    .data                                    0x20000124   Section       24  heap_4.o(.data)
    xStart                                   0x20000124   Data           8  heap_4.o(.data)
    pxEnd                                    0x2000012c   Data           4  heap_4.o(.data)
    xFreeBytesRemaining                      0x20000130   Data           4  heap_4.o(.data)
    xMinimumEverFreeBytesRemaining           0x20000134   Data           4  heap_4.o(.data)
    xBlockAllocatedBit                       0x20000138   Data           4  heap_4.o(.data)
    .data                                    0x2000013c   Section       12  port.o(.data)
    uxCriticalNesting                        0x2000013c   Data           4  port.o(.data)
    ucMaxSysCallPriority                     0x20000140   Data           1  port.o(.data)
    ulMaxPRIGROUPValue                       0x20000144   Data           4  port.o(.data)
    .data                                    0x20000148   Section        4  stdout.o(.data)
    .bss                                     0x2000014c   Section      300  main.o(.bss)
    How_many_revolutions_of_the_motor        0x20000268   Data          16  main.o(.bss)
    .bss                                     0x20000278   Section     1008  buffer.o(.bss)
    .bss                                     0x20000668   Section      506  jy62.o(.bss)
    ucRxBuffer                               0x20000768   Data         250  jy62.o(.bss)
    .bss                                     0x20000864   Section      144  vl53.o(.bss)
    .bss                                     0x200008f4   Section     1024  oled_buffer.o(.bss)
    .bss                                     0x20000cf4   Section       80  queue.o(.bss)
    .bss                                     0x20000d44   Section      740  tasks.o(.bss)
    pxReadyTasksLists                        0x20000d44   Data         640  tasks.o(.bss)
    xDelayedTaskList1                        0x20000fc4   Data          20  tasks.o(.bss)
    xDelayedTaskList2                        0x20000fd8   Data          20  tasks.o(.bss)
    xPendingReadyList                        0x20000fec   Data          20  tasks.o(.bss)
    xTasksWaitingTermination                 0x20001000   Data          20  tasks.o(.bss)
    xSuspendedTaskList                       0x20001014   Data          20  tasks.o(.bss)
    .bss                                     0x20001028   Section       40  timers.o(.bss)
    xActiveTimerList1                        0x20001028   Data          20  timers.o(.bss)
    xActiveTimerList2                        0x2000103c   Data          20  timers.o(.bss)
    .bss                                     0x20001050   Section    24576  heap_4.o(.bss)
    ucHeap                                   0x20001050   Data       24576  heap_4.o(.bss)
    STACK                                    0x20007050   Section     1024  startup_stm32f10x_hd.o(STACK)

    Global Symbols

    Symbol Name                              Value     Ov Type        Size  Object(Section)

    BuildAttributes$$THM_ISAv4$P$D$K$B$S$PE$A:L22UL41UL21$X:L11$S22US41US21$IEEE1$IW$USESV6$~STKCKD$USESV7$~SHL$OTIME$ROPI$IEEEJ$EBA8$MICROLIB$REQ8$PRES8$EABIv2 0x00000000   Number         0  anon$$obj.o ABSOLUTE
    __ARM_use_no_argv                        0x00000000   Number         0  main.o ABSOLUTE
    _printf_a                                0x00000000   Number         0  stubs.o ABSOLUTE
    _printf_c                                0x00000000   Number         0  stubs.o ABSOLUTE
    _printf_charcount                        0x00000000   Number         0  stubs.o ABSOLUTE
    _printf_d                                0x00000000   Number         0  stubs.o ABSOLUTE
    _printf_e                                0x00000000   Number         0  stubs.o ABSOLUTE
    _printf_f                                0x00000000   Number         0  stubs.o ABSOLUTE
    _printf_flags                            0x00000000   Number         0  stubs.o ABSOLUTE
    _printf_fp_dec                           0x00000000   Number         0  stubs.o ABSOLUTE
    _printf_fp_hex                           0x00000000   Number         0  stubs.o ABSOLUTE
    _printf_g                                0x00000000   Number         0  stubs.o ABSOLUTE
    _printf_i                                0x00000000   Number         0  stubs.o ABSOLUTE
    _printf_int_dec                          0x00000000   Number         0  stubs.o ABSOLUTE
    _printf_l                                0x00000000   Number         0  stubs.o ABSOLUTE
    _printf_lc                               0x00000000   Number         0  stubs.o ABSOLUTE
    _printf_ll                               0x00000000   Number         0  stubs.o ABSOLUTE
    _printf_lld                              0x00000000   Number         0  stubs.o ABSOLUTE
    _printf_lli                              0x00000000   Number         0  stubs.o ABSOLUTE
    _printf_llo                              0x00000000   Number         0  stubs.o ABSOLUTE
    _printf_llu                              0x00000000   Number         0  stubs.o ABSOLUTE
    _printf_llx                              0x00000000   Number         0  stubs.o ABSOLUTE
    _printf_longlong_dec                     0x00000000   Number         0  stubs.o ABSOLUTE
    _printf_longlong_hex                     0x00000000   Number         0  stubs.o ABSOLUTE
    _printf_longlong_oct                     0x00000000   Number         0  stubs.o ABSOLUTE
    _printf_ls                               0x00000000   Number         0  stubs.o ABSOLUTE
    _printf_mbtowc                           0x00000000   Number         0  stubs.o ABSOLUTE
    _printf_n                                0x00000000   Number         0  stubs.o ABSOLUTE
    _printf_o                                0x00000000   Number         0  stubs.o ABSOLUTE
    _printf_p                                0x00000000   Number         0  stubs.o ABSOLUTE
    _printf_percent                          0x00000000   Number         0  stubs.o ABSOLUTE
    _printf_pre_padding                      0x00000000   Number         0  stubs.o ABSOLUTE
    _printf_return_value                     0x00000000   Number         0  stubs.o ABSOLUTE
    _printf_s                                0x00000000   Number         0  stubs.o ABSOLUTE
    _printf_sizespec                         0x00000000   Number         0  stubs.o ABSOLUTE
    _printf_str                              0x00000000   Number         0  stubs.o ABSOLUTE
    _printf_truncate_signed                  0x00000000   Number         0  stubs.o ABSOLUTE
    _printf_truncate_unsigned                0x00000000   Number         0  stubs.o ABSOLUTE
    _printf_u                                0x00000000   Number         0  stubs.o ABSOLUTE
    _printf_wc                               0x00000000   Number         0  stubs.o ABSOLUTE
    _printf_wctomb                           0x00000000   Number         0  stubs.o ABSOLUTE
    _printf_widthprec                        0x00000000   Number         0  stubs.o ABSOLUTE
    _printf_x                                0x00000000   Number         0  stubs.o ABSOLUTE
    __cpp_initialize__aeabi_                  - Undefined Weak Reference
    __cxa_finalize                            - Undefined Weak Reference
    _clock_init                               - Undefined Weak Reference
    _microlib_exit                            - Undefined Weak Reference
    __Vectors_Size                           0x00000130   Number         0  startup_stm32f10x_hd.o ABSOLUTE
    __Vectors                                0x08000000   Data           4  startup_stm32f10x_hd.o(RESET)
    __Vectors_End                            0x08000130   Data           0  startup_stm32f10x_hd.o(RESET)
    __main                                   0x08000131   Thumb Code     0  entry.o(.ARM.Collect$$$$00000000)
    _main_stk                                0x08000131   Thumb Code     0  entry2.o(.ARM.Collect$$$$00000001)
    _main_scatterload                        0x08000135   Thumb Code     0  entry5.o(.ARM.Collect$$$$00000004)
    __main_after_scatterload                 0x08000139   Thumb Code     0  entry5.o(.ARM.Collect$$$$00000004)
    _main_clock                              0x08000139   Thumb Code     0  entry7b.o(.ARM.Collect$$$$00000008)
    _main_cpp_init                           0x08000139   Thumb Code     0  entry8b.o(.ARM.Collect$$$$0000000A)
    _main_init                               0x08000139   Thumb Code     0  entry9a.o(.ARM.Collect$$$$0000000B)
    __rt_final_cpp                           0x08000141   Thumb Code     0  entry10a.o(.ARM.Collect$$$$0000000D)
    __rt_final_exit                          0x08000141   Thumb Code     0  entry11a.o(.ARM.Collect$$$$0000000F)
    SVC_Handler                              0x08000145   Thumb Code    32  port.o(.emb_text)
    __asm___6_port_c_39a90d8d__prvStartFirstTask 0x08000169   Thumb Code    28  port.o(.emb_text)
    PendSV_Handler                           0x08000189   Thumb Code    72  port.o(.emb_text)
    vPortGetIPSR                             0x080001d5   Thumb Code     6  port.o(.emb_text)
    Reset_Handler                            0x080001dd   Thumb Code     8  startup_stm32f10x_hd.o(.text)
    ADC1_2_IRQHandler                        0x080001f7   Thumb Code     0  startup_stm32f10x_hd.o(.text)
    ADC3_IRQHandler                          0x080001f7   Thumb Code     0  startup_stm32f10x_hd.o(.text)
    CAN1_RX1_IRQHandler                      0x080001f7   Thumb Code     0  startup_stm32f10x_hd.o(.text)
    CAN1_SCE_IRQHandler                      0x080001f7   Thumb Code     0  startup_stm32f10x_hd.o(.text)
    DMA1_Channel1_IRQHandler                 0x080001f7   Thumb Code     0  startup_stm32f10x_hd.o(.text)
    DMA1_Channel2_IRQHandler                 0x080001f7   Thumb Code     0  startup_stm32f10x_hd.o(.text)
    DMA1_Channel3_IRQHandler                 0x080001f7   Thumb Code     0  startup_stm32f10x_hd.o(.text)
    DMA1_Channel4_IRQHandler                 0x080001f7   Thumb Code     0  startup_stm32f10x_hd.o(.text)
    DMA1_Channel5_IRQHandler                 0x080001f7   Thumb Code     0  startup_stm32f10x_hd.o(.text)
    DMA1_Channel6_IRQHandler                 0x080001f7   Thumb Code     0  startup_stm32f10x_hd.o(.text)
    DMA1_Channel7_IRQHandler                 0x080001f7   Thumb Code     0  startup_stm32f10x_hd.o(.text)
    DMA2_Channel1_IRQHandler                 0x080001f7   Thumb Code     0  startup_stm32f10x_hd.o(.text)
    DMA2_Channel2_IRQHandler                 0x080001f7   Thumb Code     0  startup_stm32f10x_hd.o(.text)
    DMA2_Channel3_IRQHandler                 0x080001f7   Thumb Code     0  startup_stm32f10x_hd.o(.text)
    DMA2_Channel4_5_IRQHandler               0x080001f7   Thumb Code     0  startup_stm32f10x_hd.o(.text)
    EXTI0_IRQHandler                         0x080001f7   Thumb Code     0  startup_stm32f10x_hd.o(.text)
    EXTI1_IRQHandler                         0x080001f7   Thumb Code     0  startup_stm32f10x_hd.o(.text)
    EXTI2_IRQHandler                         0x080001f7   Thumb Code     0  startup_stm32f10x_hd.o(.text)
    EXTI3_IRQHandler                         0x080001f7   Thumb Code     0  startup_stm32f10x_hd.o(.text)
    EXTI4_IRQHandler                         0x080001f7   Thumb Code     0  startup_stm32f10x_hd.o(.text)
    EXTI9_5_IRQHandler                       0x080001f7   Thumb Code     0  startup_stm32f10x_hd.o(.text)
    FLASH_IRQHandler                         0x080001f7   Thumb Code     0  startup_stm32f10x_hd.o(.text)
    FSMC_IRQHandler                          0x080001f7   Thumb Code     0  startup_stm32f10x_hd.o(.text)
    I2C1_ER_IRQHandler                       0x080001f7   Thumb Code     0  startup_stm32f10x_hd.o(.text)
    I2C1_EV_IRQHandler                       0x080001f7   Thumb Code     0  startup_stm32f10x_hd.o(.text)
    I2C2_ER_IRQHandler                       0x080001f7   Thumb Code     0  startup_stm32f10x_hd.o(.text)
    I2C2_EV_IRQHandler                       0x080001f7   Thumb Code     0  startup_stm32f10x_hd.o(.text)
    PVD_IRQHandler                           0x080001f7   Thumb Code     0  startup_stm32f10x_hd.o(.text)
    RCC_IRQHandler                           0x080001f7   Thumb Code     0  startup_stm32f10x_hd.o(.text)
    RTCAlarm_IRQHandler                      0x080001f7   Thumb Code     0  startup_stm32f10x_hd.o(.text)
    RTC_IRQHandler                           0x080001f7   Thumb Code     0  startup_stm32f10x_hd.o(.text)
    SDIO_IRQHandler                          0x080001f7   Thumb Code     0  startup_stm32f10x_hd.o(.text)
    SPI1_IRQHandler                          0x080001f7   Thumb Code     0  startup_stm32f10x_hd.o(.text)
    SPI2_IRQHandler                          0x080001f7   Thumb Code     0  startup_stm32f10x_hd.o(.text)
    SPI3_IRQHandler                          0x080001f7   Thumb Code     0  startup_stm32f10x_hd.o(.text)
    TAMPER_IRQHandler                        0x080001f7   Thumb Code     0  startup_stm32f10x_hd.o(.text)
    TIM1_BRK_IRQHandler                      0x080001f7   Thumb Code     0  startup_stm32f10x_hd.o(.text)
    TIM1_CC_IRQHandler                       0x080001f7   Thumb Code     0  startup_stm32f10x_hd.o(.text)
    TIM1_TRG_COM_IRQHandler                  0x080001f7   Thumb Code     0  startup_stm32f10x_hd.o(.text)
    TIM1_UP_IRQHandler                       0x080001f7   Thumb Code     0  startup_stm32f10x_hd.o(.text)
    TIM6_IRQHandler                          0x080001f7   Thumb Code     0  startup_stm32f10x_hd.o(.text)
    TIM8_BRK_IRQHandler                      0x080001f7   Thumb Code     0  startup_stm32f10x_hd.o(.text)
    TIM8_CC_IRQHandler                       0x080001f7   Thumb Code     0  startup_stm32f10x_hd.o(.text)
    TIM8_TRG_COM_IRQHandler                  0x080001f7   Thumb Code     0  startup_stm32f10x_hd.o(.text)
    TIM8_UP_IRQHandler                       0x080001f7   Thumb Code     0  startup_stm32f10x_hd.o(.text)
    USBWakeUp_IRQHandler                     0x080001f7   Thumb Code     0  startup_stm32f10x_hd.o(.text)
    USB_HP_CAN1_TX_IRQHandler                0x080001f7   Thumb Code     0  startup_stm32f10x_hd.o(.text)
    USB_LP_CAN1_RX0_IRQHandler               0x080001f7   Thumb Code     0  startup_stm32f10x_hd.o(.text)
    WWDG_IRQHandler                          0x080001f7   Thumb Code     0  startup_stm32f10x_hd.o(.text)
    SystemInit                               0x080002df   Thumb Code    78  system_stm32f10x.o(.text)
    SystemCoreClockUpdate                    0x0800032d   Thumb Code   142  system_stm32f10x.o(.text)
    NVIC_PriorityGroupConfig                 0x080003e1   Thumb Code    10  misc.o(.text)
    NVIC_Init                                0x080003eb   Thumb Code   100  misc.o(.text)
    NVIC_SetVectorTable                      0x0800044f   Thumb Code    14  misc.o(.text)
    NVIC_SystemLPConfig                      0x0800045d   Thumb Code    34  misc.o(.text)
    SysTick_CLKSourceConfig                  0x0800047f   Thumb Code    40  misc.o(.text)
    EXTI_DeInit                              0x080004bd   Thumb Code    28  stm32f10x_exti.o(.text)
    EXTI_Init                                0x080004d9   Thumb Code   142  stm32f10x_exti.o(.text)
    EXTI_StructInit                          0x08000567   Thumb Code    16  stm32f10x_exti.o(.text)
    EXTI_GenerateSWInterrupt                 0x08000577   Thumb Code    16  stm32f10x_exti.o(.text)
    EXTI_GetFlagStatus                       0x08000587   Thumb Code    22  stm32f10x_exti.o(.text)
    EXTI_ClearFlag                           0x0800059d   Thumb Code     8  stm32f10x_exti.o(.text)
    EXTI_GetITStatus                         0x080005a5   Thumb Code    34  stm32f10x_exti.o(.text)
    EXTI_ClearITPendingBit                   0x080005c7   Thumb Code     8  stm32f10x_exti.o(.text)
    GPIO_DeInit                              0x080005d9   Thumb Code   172  stm32f10x_gpio.o(.text)
    GPIO_AFIODeInit                          0x08000685   Thumb Code    20  stm32f10x_gpio.o(.text)
    GPIO_Init                                0x08000699   Thumb Code   278  stm32f10x_gpio.o(.text)
    GPIO_StructInit                          0x080007af   Thumb Code    16  stm32f10x_gpio.o(.text)
    GPIO_ReadInputDataBit                    0x080007bf   Thumb Code    18  stm32f10x_gpio.o(.text)
    GPIO_ReadInputData                       0x080007d1   Thumb Code     8  stm32f10x_gpio.o(.text)
    GPIO_ReadOutputDataBit                   0x080007d9   Thumb Code    18  stm32f10x_gpio.o(.text)
    GPIO_ReadOutputData                      0x080007eb   Thumb Code     8  stm32f10x_gpio.o(.text)
    GPIO_SetBits                             0x080007f3   Thumb Code     4  stm32f10x_gpio.o(.text)
    GPIO_ResetBits                           0x080007f7   Thumb Code     4  stm32f10x_gpio.o(.text)
    GPIO_WriteBit                            0x080007fb   Thumb Code    10  stm32f10x_gpio.o(.text)
    GPIO_Write                               0x08000805   Thumb Code     4  stm32f10x_gpio.o(.text)
    GPIO_PinLockConfig                       0x08000809   Thumb Code    18  stm32f10x_gpio.o(.text)
    GPIO_EventOutputConfig                   0x0800081b   Thumb Code    26  stm32f10x_gpio.o(.text)
    GPIO_EventOutputCmd                      0x08000835   Thumb Code     6  stm32f10x_gpio.o(.text)
    GPIO_PinRemapConfig                      0x0800083b   Thumb Code   138  stm32f10x_gpio.o(.text)
    GPIO_EXTILineConfig                      0x080008c5   Thumb Code    66  stm32f10x_gpio.o(.text)
    GPIO_ETH_MediaInterfaceConfig            0x08000907   Thumb Code     8  stm32f10x_gpio.o(.text)
    RCC_DeInit                               0x08000935   Thumb Code    64  stm32f10x_rcc.o(.text)
    RCC_HSEConfig                            0x08000975   Thumb Code    70  stm32f10x_rcc.o(.text)
    RCC_GetFlagStatus                        0x080009bb   Thumb Code    56  stm32f10x_rcc.o(.text)
    RCC_WaitForHSEStartUp                    0x080009f3   Thumb Code    56  stm32f10x_rcc.o(.text)
    RCC_AdjustHSICalibrationValue            0x08000a2b   Thumb Code    20  stm32f10x_rcc.o(.text)
    RCC_HSICmd                               0x08000a3f   Thumb Code     6  stm32f10x_rcc.o(.text)
    RCC_PLLConfig                            0x08000a45   Thumb Code    24  stm32f10x_rcc.o(.text)
    RCC_PLLCmd                               0x08000a5d   Thumb Code     6  stm32f10x_rcc.o(.text)
    RCC_SYSCLKConfig                         0x08000a63   Thumb Code    18  stm32f10x_rcc.o(.text)
    RCC_GetSYSCLKSource                      0x08000a75   Thumb Code    10  stm32f10x_rcc.o(.text)
    RCC_HCLKConfig                           0x08000a7f   Thumb Code    18  stm32f10x_rcc.o(.text)
    RCC_PCLK1Config                          0x08000a91   Thumb Code    18  stm32f10x_rcc.o(.text)
    RCC_PCLK2Config                          0x08000aa3   Thumb Code    20  stm32f10x_rcc.o(.text)
    RCC_ITConfig                             0x08000ab7   Thumb Code    26  stm32f10x_rcc.o(.text)
    RCC_USBCLKConfig                         0x08000ad1   Thumb Code     8  stm32f10x_rcc.o(.text)
    RCC_ADCCLKConfig                         0x08000ad9   Thumb Code    18  stm32f10x_rcc.o(.text)
    RCC_LSEConfig                            0x08000aeb   Thumb Code    50  stm32f10x_rcc.o(.text)
    RCC_LSICmd                               0x08000b1d   Thumb Code     6  stm32f10x_rcc.o(.text)
    RCC_RTCCLKConfig                         0x08000b23   Thumb Code    12  stm32f10x_rcc.o(.text)
    RCC_RTCCLKCmd                            0x08000b2f   Thumb Code     8  stm32f10x_rcc.o(.text)
    RCC_GetClocksFreq                        0x08000b37   Thumb Code   192  stm32f10x_rcc.o(.text)
    RCC_AHBPeriphClockCmd                    0x08000bf7   Thumb Code    26  stm32f10x_rcc.o(.text)
    RCC_APB2PeriphClockCmd                   0x08000c11   Thumb Code    26  stm32f10x_rcc.o(.text)
    RCC_APB1PeriphClockCmd                   0x08000c2b   Thumb Code    26  stm32f10x_rcc.o(.text)
    RCC_APB2PeriphResetCmd                   0x08000c45   Thumb Code    26  stm32f10x_rcc.o(.text)
    RCC_APB1PeriphResetCmd                   0x08000c5f   Thumb Code    26  stm32f10x_rcc.o(.text)
    RCC_BackupResetCmd                       0x08000c79   Thumb Code     8  stm32f10x_rcc.o(.text)
    RCC_ClockSecuritySystemCmd               0x08000c81   Thumb Code     6  stm32f10x_rcc.o(.text)
    RCC_MCOConfig                            0x08000c87   Thumb Code     6  stm32f10x_rcc.o(.text)
    RCC_ClearFlag                            0x08000c8d   Thumb Code    14  stm32f10x_rcc.o(.text)
    RCC_GetITStatus                          0x08000c9b   Thumb Code    20  stm32f10x_rcc.o(.text)
    RCC_ClearITPendingBit                    0x08000caf   Thumb Code     6  stm32f10x_rcc.o(.text)
    TIM_DeInit                               0x08000cd9   Thumb Code   424  stm32f10x_tim.o(.text)
    TIM_TimeBaseInit                         0x08000e81   Thumb Code   122  stm32f10x_tim.o(.text)
    TIM_OC1Init                              0x08000efb   Thumb Code   132  stm32f10x_tim.o(.text)
    TIM_OC2Init                              0x08000f7f   Thumb Code   154  stm32f10x_tim.o(.text)
    TIM_OC3Init                              0x08001019   Thumb Code   150  stm32f10x_tim.o(.text)
    TIM_OC4Init                              0x080010af   Thumb Code   182  stm32f10x_tim.o(.text)
    TIM_SetIC4Prescaler                      0x08001165   Thumb Code    26  stm32f10x_tim.o(.text)
    TIM_SetIC3Prescaler                      0x08001201   Thumb Code    18  stm32f10x_tim.o(.text)
    TIM_SetIC2Prescaler                      0x0800128d   Thumb Code    26  stm32f10x_tim.o(.text)
    TIM_SetIC1Prescaler                      0x08001329   Thumb Code    18  stm32f10x_tim.o(.text)
    TIM_ICInit                               0x080013a7   Thumb Code   150  stm32f10x_tim.o(.text)
    TIM_PWMIConfig                           0x0800143d   Thumb Code   124  stm32f10x_tim.o(.text)
    TIM_BDTRConfig                           0x080014b9   Thumb Code    32  stm32f10x_tim.o(.text)
    TIM_TimeBaseStructInit                   0x080014d9   Thumb Code    18  stm32f10x_tim.o(.text)
    TIM_OCStructInit                         0x080014eb   Thumb Code    20  stm32f10x_tim.o(.text)
    TIM_ICStructInit                         0x080014ff   Thumb Code    18  stm32f10x_tim.o(.text)
    TIM_BDTRStructInit                       0x08001511   Thumb Code    40  stm32f10x_tim.o(.text)
    TIM_Cmd                                  0x08001539   Thumb Code    24  stm32f10x_tim.o(.text)
    TIM_CtrlPWMOutputs                       0x08001551   Thumb Code    30  stm32f10x_tim.o(.text)
    TIM_ITConfig                             0x0800156f   Thumb Code    18  stm32f10x_tim.o(.text)
    TIM_GenerateEvent                        0x08001581   Thumb Code     4  stm32f10x_tim.o(.text)
    TIM_DMAConfig                            0x08001585   Thumb Code    10  stm32f10x_tim.o(.text)
    TIM_DMACmd                               0x0800158f   Thumb Code    18  stm32f10x_tim.o(.text)
    TIM_InternalClockConfig                  0x080015a1   Thumb Code    12  stm32f10x_tim.o(.text)
    TIM_SelectInputTrigger                   0x080015ad   Thumb Code    18  stm32f10x_tim.o(.text)
    TIM_ITRxExternalClockConfig              0x080015bf   Thumb Code    24  stm32f10x_tim.o(.text)
    TIM_TIxExternalClockConfig               0x080015d7   Thumb Code    62  stm32f10x_tim.o(.text)
    TIM_ETRConfig                            0x08001615   Thumb Code    28  stm32f10x_tim.o(.text)
    TIM_ETRClockMode1Config                  0x08001631   Thumb Code    54  stm32f10x_tim.o(.text)
    TIM_ETRClockMode2Config                  0x08001667   Thumb Code    32  stm32f10x_tim.o(.text)
    TIM_PrescalerConfig                      0x08001687   Thumb Code     6  stm32f10x_tim.o(.text)
    TIM_CounterModeConfig                    0x0800168d   Thumb Code    18  stm32f10x_tim.o(.text)
    TIM_EncoderInterfaceConfig               0x0800169f   Thumb Code    66  stm32f10x_tim.o(.text)
    TIM_ForcedOC1Config                      0x080016e1   Thumb Code    18  stm32f10x_tim.o(.text)
    TIM_ForcedOC2Config                      0x080016f3   Thumb Code    26  stm32f10x_tim.o(.text)
    TIM_ForcedOC3Config                      0x0800170d   Thumb Code    18  stm32f10x_tim.o(.text)
    TIM_ForcedOC4Config                      0x0800171f   Thumb Code    26  stm32f10x_tim.o(.text)
    TIM_ARRPreloadConfig                     0x08001739   Thumb Code    24  stm32f10x_tim.o(.text)
    TIM_SelectCOM                            0x08001751   Thumb Code    24  stm32f10x_tim.o(.text)
    TIM_SelectCCDMA                          0x08001769   Thumb Code    24  stm32f10x_tim.o(.text)
    TIM_CCPreloadControl                     0x08001781   Thumb Code    24  stm32f10x_tim.o(.text)
    TIM_OC1PreloadConfig                     0x08001799   Thumb Code    18  stm32f10x_tim.o(.text)
    TIM_OC2PreloadConfig                     0x080017ab   Thumb Code    26  stm32f10x_tim.o(.text)
    TIM_OC3PreloadConfig                     0x080017c5   Thumb Code    18  stm32f10x_tim.o(.text)
    TIM_OC4PreloadConfig                     0x080017d7   Thumb Code    26  stm32f10x_tim.o(.text)
    TIM_OC1FastConfig                        0x080017f1   Thumb Code    18  stm32f10x_tim.o(.text)
    TIM_OC2FastConfig                        0x08001803   Thumb Code    26  stm32f10x_tim.o(.text)
    TIM_OC3FastConfig                        0x0800181d   Thumb Code    18  stm32f10x_tim.o(.text)
    TIM_OC4FastConfig                        0x0800182f   Thumb Code    26  stm32f10x_tim.o(.text)
    TIM_ClearOC1Ref                          0x08001849   Thumb Code    18  stm32f10x_tim.o(.text)
    TIM_ClearOC2Ref                          0x0800185b   Thumb Code    24  stm32f10x_tim.o(.text)
    TIM_ClearOC3Ref                          0x08001873   Thumb Code    18  stm32f10x_tim.o(.text)
    TIM_ClearOC4Ref                          0x08001885   Thumb Code    24  stm32f10x_tim.o(.text)
    TIM_OC1PolarityConfig                    0x0800189d   Thumb Code    18  stm32f10x_tim.o(.text)
    TIM_OC1NPolarityConfig                   0x080018af   Thumb Code    18  stm32f10x_tim.o(.text)
    TIM_OC2PolarityConfig                    0x080018c1   Thumb Code    26  stm32f10x_tim.o(.text)
    TIM_OC2NPolarityConfig                   0x080018db   Thumb Code    26  stm32f10x_tim.o(.text)
    TIM_OC3PolarityConfig                    0x080018f5   Thumb Code    26  stm32f10x_tim.o(.text)
    TIM_OC3NPolarityConfig                   0x0800190f   Thumb Code    26  stm32f10x_tim.o(.text)
    TIM_OC4PolarityConfig                    0x08001929   Thumb Code    26  stm32f10x_tim.o(.text)
    TIM_CCxCmd                               0x08001943   Thumb Code    30  stm32f10x_tim.o(.text)
    TIM_CCxNCmd                              0x08001961   Thumb Code    30  stm32f10x_tim.o(.text)
    TIM_SelectOCxM                           0x0800197f   Thumb Code    82  stm32f10x_tim.o(.text)
    TIM_UpdateDisableConfig                  0x080019d1   Thumb Code    24  stm32f10x_tim.o(.text)
    TIM_UpdateRequestConfig                  0x080019e9   Thumb Code    24  stm32f10x_tim.o(.text)
    TIM_SelectHallSensor                     0x08001a01   Thumb Code    24  stm32f10x_tim.o(.text)
    TIM_SelectOnePulseMode                   0x08001a19   Thumb Code    18  stm32f10x_tim.o(.text)
    TIM_SelectOutputTrigger                  0x08001a2b   Thumb Code    18  stm32f10x_tim.o(.text)
    TIM_SelectSlaveMode                      0x08001a3d   Thumb Code    18  stm32f10x_tim.o(.text)
    TIM_SelectMasterSlaveMode                0x08001a4f   Thumb Code    18  stm32f10x_tim.o(.text)
    TIM_SetCounter                           0x08001a61   Thumb Code     4  stm32f10x_tim.o(.text)
    TIM_SetAutoreload                        0x08001a65   Thumb Code     4  stm32f10x_tim.o(.text)
    TIM_SetCompare1                          0x08001a69   Thumb Code     4  stm32f10x_tim.o(.text)
    TIM_SetCompare2                          0x08001a6d   Thumb Code     4  stm32f10x_tim.o(.text)
    TIM_SetCompare3                          0x08001a71   Thumb Code     4  stm32f10x_tim.o(.text)
    TIM_SetCompare4                          0x08001a75   Thumb Code     6  stm32f10x_tim.o(.text)
    TIM_SetClockDivision                     0x08001a7b   Thumb Code    18  stm32f10x_tim.o(.text)
    TIM_GetCapture1                          0x08001a8d   Thumb Code     6  stm32f10x_tim.o(.text)
    TIM_GetCapture2                          0x08001a93   Thumb Code     6  stm32f10x_tim.o(.text)
    TIM_GetCapture3                          0x08001a99   Thumb Code     6  stm32f10x_tim.o(.text)
    TIM_GetCapture4                          0x08001a9f   Thumb Code     8  stm32f10x_tim.o(.text)
    TIM_GetCounter                           0x08001aa7   Thumb Code     6  stm32f10x_tim.o(.text)
    TIM_GetPrescaler                         0x08001aad   Thumb Code     6  stm32f10x_tim.o(.text)
    TIM_GetFlagStatus                        0x08001ab3   Thumb Code    18  stm32f10x_tim.o(.text)
    TIM_ClearFlag                            0x08001ac5   Thumb Code     6  stm32f10x_tim.o(.text)
    TIM_GetITStatus                          0x08001acb   Thumb Code    34  stm32f10x_tim.o(.text)
    TIM_ClearITPendingBit                    0x08001aed   Thumb Code     6  stm32f10x_tim.o(.text)
    USART_DeInit                             0x08001af5   Thumb Code   134  stm32f10x_usart.o(.text)
    USART_Init                               0x08001b7b   Thumb Code   210  stm32f10x_usart.o(.text)
    USART_StructInit                         0x08001c4d   Thumb Code    24  stm32f10x_usart.o(.text)
    USART_ClockInit                          0x08001c65   Thumb Code    34  stm32f10x_usart.o(.text)
    USART_ClockStructInit                    0x08001c87   Thumb Code    12  stm32f10x_usart.o(.text)
    USART_Cmd                                0x08001c93   Thumb Code    24  stm32f10x_usart.o(.text)
    USART_ITConfig                           0x08001cab   Thumb Code    74  stm32f10x_usart.o(.text)
    USART_DMACmd                             0x08001cf5   Thumb Code    18  stm32f10x_usart.o(.text)
    USART_SetAddress                         0x08001d07   Thumb Code    18  stm32f10x_usart.o(.text)
    USART_WakeUpConfig                       0x08001d19   Thumb Code    18  stm32f10x_usart.o(.text)
    USART_ReceiverWakeUpCmd                  0x08001d2b   Thumb Code    24  stm32f10x_usart.o(.text)
    USART_LINBreakDetectLengthConfig         0x08001d43   Thumb Code    18  stm32f10x_usart.o(.text)
    USART_LINCmd                             0x08001d55   Thumb Code    24  stm32f10x_usart.o(.text)
    USART_SendData                           0x08001d6d   Thumb Code     8  stm32f10x_usart.o(.text)
    USART_ReceiveData                        0x08001d75   Thumb Code    10  stm32f10x_usart.o(.text)
    USART_SendBreak                          0x08001d7f   Thumb Code    10  stm32f10x_usart.o(.text)
    USART_SetGuardTime                       0x08001d89   Thumb Code    16  stm32f10x_usart.o(.text)
    USART_SetPrescaler                       0x08001d99   Thumb Code    16  stm32f10x_usart.o(.text)
    USART_SmartCardCmd                       0x08001da9   Thumb Code    24  stm32f10x_usart.o(.text)
    USART_SmartCardNACKCmd                   0x08001dc1   Thumb Code    24  stm32f10x_usart.o(.text)
    USART_HalfDuplexCmd                      0x08001dd9   Thumb Code    24  stm32f10x_usart.o(.text)
    USART_OverSampling8Cmd                   0x08001df1   Thumb Code    22  stm32f10x_usart.o(.text)
    USART_OneBitMethodCmd                    0x08001e07   Thumb Code    24  stm32f10x_usart.o(.text)
    USART_IrDAConfig                         0x08001e1f   Thumb Code    18  stm32f10x_usart.o(.text)
    USART_IrDACmd                            0x08001e31   Thumb Code    24  stm32f10x_usart.o(.text)
    USART_GetFlagStatus                      0x08001e49   Thumb Code    26  stm32f10x_usart.o(.text)
    USART_ClearFlag                          0x08001e63   Thumb Code    18  stm32f10x_usart.o(.text)
    USART_GetITStatus                        0x08001e75   Thumb Code    84  stm32f10x_usart.o(.text)
    USART_ClearITPendingBit                  0x08001ec9   Thumb Code    52  stm32f10x_usart.o(.text)
    check_rgb                                0x080025a3   Thumb Code   126  main.o(.text)
    startgostraight                          0x08002621   Thumb Code    34  main.o(.text)
    startStraight_Line_Base_On_Encoder       0x08002643   Thumb Code   148  main.o(.text)
    startStraight_Line_For_Laser             0x080026d7   Thumb Code   140  main.o(.text)
    start_trun                               0x08002763   Thumb Code   248  main.o(.text)
    main                                     0x08003271   Thumb Code    50  main.o(.text)
    NMI_Handler                              0x080032c9   Thumb Code     2  stm32f10x_it.o(.text)
    HardFault_Handler                        0x080032cb   Thumb Code     4  stm32f10x_it.o(.text)
    MemManage_Handler                        0x080032cf   Thumb Code     4  stm32f10x_it.o(.text)
    BusFault_Handler                         0x080032d3   Thumb Code     4  stm32f10x_it.o(.text)
    UsageFault_Handler                       0x080032d7   Thumb Code     4  stm32f10x_it.o(.text)
    DebugMon_Handler                         0x080032db   Thumb Code     2  stm32f10x_it.o(.text)
    SysTick_Handler                          0x080032dd   Thumb Code    16  stm32f10x_it.o(.text)
    Iinitial_BUFF                            0x080032ed   Thumb Code    62  buffer.o(.text)
    Write_BUFF                               0x0800332b   Thumb Code    84  buffer.o(.text)
    Check_Buffer                             0x0800337f   Thumb Code    22  buffer.o(.text)
    Read_BUFF                                0x08003395   Thumb Code    60  buffer.o(.text)
    Find_Char                                0x080033d1   Thumb Code    92  buffer.o(.text)
    Read_Data                                0x0800342d   Thumb Code   102  buffer.o(.text)
    Read_buff                                0x08003493   Thumb Code   126  buffer.o(.text)
    Read_buff_Void                           0x08003511   Thumb Code   546  buffer.o(.text)
    have_enough_data                         0x08003733   Thumb Code   106  buffer.o(.text)
    TIMX_Delay_Init                          0x080037ad   Thumb Code    54  delay.o(.text)
    Delayus                                  0x080037e3   Thumb Code    38  delay.o(.text)
    Delayms                                  0x08003809   Thumb Code    24  delay.o(.text)
    Control_PIN                              0x08003825   Thumb Code    40  driver.o(.text)
    Initial_Control_PIN                      0x0800384d   Thumb Code    34  driver.o(.text)
    Advance                                  0x0800386f   Thumb Code   108  driver.o(.text)
    Back                                     0x080038db   Thumb Code   108  driver.o(.text)
    PULL_High                                0x08003947   Thumb Code    76  driver.o(.text)
    PULL_Low                                 0x08003993   Thumb Code    76  driver.o(.text)
    Encoder_Init_TIM2                        0x080039e9   Thumb Code   236  encoder.o(.text)
    Encoder_Init                             0x08003cfb   Thumb Code    20  encoder.o(.text)
    TIM2_IRQHandler                          0x08003d0f   Thumb Code    24  encoder.o(.text)
    TIM3_IRQHandler                          0x08003d27   Thumb Code    24  encoder.o(.text)
    TIM4_IRQHandler                          0x08003d3f   Thumb Code    24  encoder.o(.text)
    TIM5_IRQHandler                          0x08003d57   Thumb Code    24  encoder.o(.text)
    Read_Encoder                             0x08003d6f   Thumb Code   100  encoder.o(.text)
    USART4_Config_JY62                       0x08003e1f   Thumb Code   136  jy62.o(.text)
    CopeSerial2Data                          0x08003ea7   Thumb Code   118  jy62.o(.text)
    UART4_IRQHandler                         0x08003f1d   Thumb Code   118  jy62.o(.text)
    UART2_Put_Char                           0x08003f93   Thumb Code    34  jy62.o(.text)
    sendcmd                                  0x08003fb5   Thumb Code    24  jy62.o(.text)
    PID_Initialize                           0x08003ff5   Thumb Code    30  pid.o(.text)
    PID_Realize                              0x08004013   Thumb Code   126  pid.o(.text)
    PID_Increase                             0x08004091   Thumb Code   110  pid.o(.text)
    Limited_Out                              0x080040ff   Thumb Code    14  pid.o(.text)
    Series_PID                               0x0800410d   Thumb Code     2  pid.o(.text)
    PWM_TIM1_config                          0x08004111   Thumb Code   260  pwm.o(.text)
    PWM_TIM8_config                          0x08004215   Thumb Code   252  pwm.o(.text)
    SetCompare1                              0x08004311   Thumb Code    78  pwm.o(.text)
    ControledMonitor                         0x0800435f   Thumb Code    88  pwm.o(.text)
    IIC_Init                                 0x080043f9   Thumb Code    94  software_iic.o(.text)
    IIC_SDA_In                               0x08004457   Thumb Code    30  software_iic.o(.text)
    IIC_SDA_Out                              0x08004475   Thumb Code    30  software_iic.o(.text)
    IIC_Start                                0x08004493   Thumb Code    60  software_iic.o(.text)
    IIC_Stop                                 0x080044cf   Thumb Code    60  software_iic.o(.text)
    IIC_Wait_Ack                             0x0800450b   Thumb Code    84  software_iic.o(.text)
    IIC_Ack                                  0x0800455f   Thumb Code    60  software_iic.o(.text)
    IIC_NAck                                 0x0800459b   Thumb Code    60  software_iic.o(.text)
    IIC_Send_Byte                            0x080045d7   Thumb Code   100  software_iic.o(.text)
    IIC_Read_Byte                            0x0800463b   Thumb Code    88  software_iic.o(.text)
    IIC_Write_Len                            0x08004693   Thumb Code    96  software_iic.o(.text)
    IIC_Read_Len                             0x080046f3   Thumb Code   116  software_iic.o(.text)
    Software_USART_TXD                       0x08004771   Thumb Code   102  software_usart.o(.text)
    USART_Send                               0x080047d7   Thumb Code    26  software_usart.o(.text)
    Software_USART_IOConfig                  0x080047f1   Thumb Code   142  software_usart.o(.text)
    TIM7_Int_Init                            0x0800487f   Thumb Code    90  software_usart.o(.text)
    EXTI15_10_IRQHandler                     0x080048d9   Thumb Code    56  software_usart.o(.text)
    TIM7_IRQHandler                          0x08004911   Thumb Code   116  software_usart.o(.text)
    OLED_SHOW_TASK                           0x08004999   Thumb Code   248  sys.o(.text)
    Read_RGB                                 0x08004a91   Thumb Code    16  sys.o(.text)
    Forward                                  0x08004aa1   Thumb Code    28  sys.o(.text)
    Reverse                                  0x08004abd   Thumb Code    28  sys.o(.text)
    Turn_Right_Founction                     0x08004ad9   Thumb Code    28  sys.o(.text)
    Turn_Left_Founction                      0x08004af5   Thumb Code    28  sys.o(.text)
    Walking_Right                            0x08004b11   Thumb Code    28  sys.o(.text)
    Walking_Left                             0x08004b2d   Thumb Code    28  sys.o(.text)
    rgb2hsv                                  0x08004b49   Thumb Code   376  sys.o(.text)
    hsv2rgb                                  0x08004cc1   Thumb Code   738  sys.o(.text)
    hsv_adjust_h                             0x08004fa3   Thumb Code    48  sys.o(.text)
    hsv_adjust_s                             0x08004fd3   Thumb Code    62  sys.o(.text)
    hsv_adjust_v                             0x08005011   Thumb Code    62  sys.o(.text)
    USARTX_VL53_Config                       0x08005087   Thumb Code   132  vl53.o(.text)
    USART2_IRQHandler                        0x0800510b   Thumb Code    34  vl53.o(.text)
    VL53_Initial                             0x0800512d   Thumb Code    14  vl53.o(.text)
    VL53_Send_Agrement                       0x0800513b   Thumb Code    84  vl53.o(.text)
    VL53_Send_Agrement_R                     0x0800518f   Thumb Code    48  vl53.o(.text)
    VL53_Send_Agrement_F                     0x080051bf   Thumb Code    48  vl53.o(.text)
    LED_GPIO_Config                          0x08005209   Thumb Code    38  bsp_led.o(.text)
    KEY_ONE                                  0x0800522f   Thumb Code    60  bsp_led.o(.text)
    Buzzer_ONE                               0x0800526b   Thumb Code    38  bsp_led.o(.text)
    Buzzer_TWO                               0x08005291   Thumb Code    38  bsp_led.o(.text)
    USART1_Config                            0x080052ef   Thumb Code   136  usart.o(.text)
    USART1_IRQHandler                        0x08005377   Thumb Code    36  usart.o(.text)
    USART3_Config                            0x080053c5   Thumb Code   144  usart.o(.text)
    USART3_IRQHandler                        0x08005455   Thumb Code    38  usart.o(.text)
    USART5_Config                            0x080054a5   Thumb Code   132  usart.o(.text)
    UART5_IRQHandler                         0x08005529   Thumb Code    38  usart.o(.text)
    Usart_SendByte                           0x0800554f   Thumb Code    30  usart.o(.text)
    VOFA_Send_float                          0x0800556d   Thumb Code    78  usart.o(.text)
    Usart_SendArray                          0x080055bb   Thumb Code    48  usart.o(.text)
    Usart_SendString                         0x080055eb   Thumb Code    42  usart.o(.text)
    Usart_SendHalfWord                       0x08005615   Thumb Code    60  usart.o(.text)
    fputc                                    0x08005651   Thumb Code    32  usart.o(.text)
    fgetc                                    0x08005671   Thumb Code    26  usart.o(.text)
    OLED_I2C_Init                            0x080056bd   Thumb Code    72  oled.o(.text)
    OLED_WriteData                           0x080057bd   Thumb Code    32  oled.o(.text)
    OLED_ShowChar                            0x0800582d   Thumb Code    82  oled.o(.text)
    OLED_ShowString                          0x0800587f   Thumb Code    40  oled.o(.text)
    OLED_Pow                                 0x080058a7   Thumb Code    20  oled.o(.text)
    OLED_ShowNum                             0x080058bb   Thumb Code    68  oled.o(.text)
    OLED_ShowSignedNum                       0x080058ff   Thumb Code   102  oled.o(.text)
    OLED_ShowHexNum                          0x08005965   Thumb Code    84  oled.o(.text)
    OLED_ShowBinNum                          0x080059b9   Thumb Code    62  oled.o(.text)
    OLED_Clear                               0x080059f7   Thumb Code    44  oled.o(.text)
    OLED_FILL                                0x08005a23   Thumb Code    36  oled.o(.text)
    OLED_Init                                0x08005a47   Thumb Code   184  oled.o(.text)
    ClearScreenBuffer                        0x08005b01   Thumb Code    18  oled_buffer.o(.text)
    ReadByteBuffer                           0x08005b13   Thumb Code    12  oled_buffer.o(.text)
    WriteByteBuffer                          0x08005b1f   Thumb Code    10  oled_buffer.o(.text)
    UpdateScreenDisplay                      0x08005b29   Thumb Code    10  oled_buffer.o(.text)
    DrawChar                                 0x08005b39   Thumb Code    92  oled_draw.o(.text)
    DrawString                               0x08005b95   Thumb Code    48  oled_draw.o(.text)
    int_Pow                                  0x08005bc5   Thumb Code    20  oled_draw.o(.text)
    DrawNum                                  0x08005bd9   Thumb Code   110  oled_draw.o(.text)
    xEventGroupCreate                        0x08005c4d   Thumb Code    26  event_groups.o(.text)
    xEventGroupSetBits                       0x08005c67   Thumb Code   186  event_groups.o(.text)
    xEventGroupSync                          0x08005d21   Thumb Code   228  event_groups.o(.text)
    xEventGroupWaitBits                      0x08005e23   Thumb Code   294  event_groups.o(.text)
    xEventGroupClearBits                     0x08005f49   Thumb Code    72  event_groups.o(.text)
    xEventGroupGetBitsFromISR                0x08005f91   Thumb Code    44  event_groups.o(.text)
    vEventGroupDelete                        0x08005fbd   Thumb Code    72  event_groups.o(.text)
    vEventGroupSetBitsCallback               0x08006005   Thumb Code    16  event_groups.o(.text)
    vEventGroupClearBitsCallback             0x08006015   Thumb Code    16  event_groups.o(.text)
    vListInitialise                          0x08006055   Thumb Code    26  list.o(.text)
    vListInitialiseItem                      0x0800606f   Thumb Code     6  list.o(.text)
    vListInsertEnd                           0x08006075   Thumb Code    24  list.o(.text)
    vListInsert                              0x0800608d   Thumb Code    52  list.o(.text)
    uxListRemove                             0x080060c1   Thumb Code    40  list.o(.text)
    xQueueGenericReset                       0x080060e9   Thumb Code   136  queue.o(.text)
    xQueueGenericCreate                      0x08006197   Thumb Code    78  queue.o(.text)
    xQueueGenericSend                        0x080062eb   Thumb Code   380  queue.o(.text)
    xQueueGenericSendFromISR                 0x08006467   Thumb Code   264  queue.o(.text)
    xQueueGiveFromISR                        0x0800656f   Thumb Code   206  queue.o(.text)
    xQueueGenericReceive                     0x08006681   Thumb Code   398  queue.o(.text)
    xQueueReceiveFromISR                     0x0800680f   Thumb Code   190  queue.o(.text)
    xQueuePeekFromISR                        0x080068cd   Thumb Code   158  queue.o(.text)
    uxQueueMessagesWaiting                   0x0800696b   Thumb Code    36  queue.o(.text)
    uxQueueSpacesAvailable                   0x0800698f   Thumb Code    42  queue.o(.text)
    uxQueueMessagesWaitingFromISR            0x080069b9   Thumb Code    28  queue.o(.text)
    vQueueUnregisterQueue                    0x080069d5   Thumb Code    44  queue.o(.text)
    vQueueDelete                             0x08006a01   Thumb Code    38  queue.o(.text)
    xQueueIsQueueEmptyFromISR                0x08006a27   Thumb Code    36  queue.o(.text)
    xQueueIsQueueFullFromISR                 0x08006a4b   Thumb Code    40  queue.o(.text)
    vQueueAddToRegistry                      0x08006a73   Thumb Code    38  queue.o(.text)
    pcQueueGetName                           0x08006a99   Thumb Code    38  queue.o(.text)
    vQueueWaitForMessageRestricted           0x08006abf   Thumb Code    82  queue.o(.text)
    xTaskCreate                              0x08006c87   Thumb Code    96  tasks.o(.text)
    vTaskDelete                              0x08006d23   Thumb Code   192  tasks.o(.text)
    xTaskIncrementTick                       0x08006de3   Thumb Code   272  tasks.o(.text)
    xTaskResumeAll                           0x08006ef3   Thumb Code   340  tasks.o(.text)
    vTaskSuspendAll                          0x080070c3   Thumb Code    12  tasks.o(.text)
    vTaskDelayUntil                          0x080070cf   Thumb Code   182  tasks.o(.text)
    vTaskDelay                               0x08007185   Thumb Code    76  tasks.o(.text)
    eTaskGetState                            0x080071d1   Thumb Code   106  tasks.o(.text)
    uxTaskPriorityGet                        0x0800723b   Thumb Code    30  tasks.o(.text)
    uxTaskPriorityGetFromISR                 0x08007259   Thumb Code    62  tasks.o(.text)
    vTaskPrioritySet                         0x08007297   Thumb Code   306  tasks.o(.text)
    vTaskSwitchContext                       0x080073c9   Thumb Code   114  tasks.o(.text)
    vTaskSuspend                             0x0800743b   Thumb Code   190  tasks.o(.text)
    vTaskResume                              0x08007545   Thumb Code   122  tasks.o(.text)
    xTaskResumeFromISR                       0x080075bf   Thumb Code   152  tasks.o(.text)
    vTaskStartScheduler                      0x080076cd   Thumb Code   112  tasks.o(.text)
    vTaskEndScheduler                        0x0800773d   Thumb Code    32  tasks.o(.text)
    xTaskGetTickCount                        0x0800775d   Thumb Code     6  tasks.o(.text)
    xTaskGetTickCountFromISR                 0x08007763   Thumb Code    16  tasks.o(.text)
    uxTaskGetNumberOfTasks                   0x08007773   Thumb Code     6  tasks.o(.text)
    pcTaskGetName                            0x08007779   Thumb Code    40  tasks.o(.text)
    vTaskPlaceOnEventList                    0x080077a1   Thumb Code   122  tasks.o(.text)
    vTaskPlaceOnUnorderedEventList           0x0800781b   Thumb Code    88  tasks.o(.text)
    vTaskPlaceOnEventListRestricted          0x08007873   Thumb Code    54  tasks.o(.text)
    xTaskRemoveFromEventList                 0x080078a9   Thumb Code   122  tasks.o(.text)
    xTaskRemoveFromUnorderedEventList        0x08007923   Thumb Code   142  tasks.o(.text)
    vTaskSetTimeOutState                     0x080079b1   Thumb Code    36  tasks.o(.text)
    xTaskCheckForTimeOut                     0x080079d5   Thumb Code   124  tasks.o(.text)
    vTaskMissedYield                         0x08007a51   Thumb Code     8  tasks.o(.text)
    xTaskGetSchedulerState                   0x08007a59   Thumb Code    24  tasks.o(.text)
    uxTaskResetEventItemValue                0x08007a71   Thumb Code    24  tasks.o(.text)
    ulTaskNotifyTake                         0x08007a89   Thumb Code   108  tasks.o(.text)
    xTaskNotifyWait                          0x08007af5   Thumb Code   150  tasks.o(.text)
    xTaskGenericNotify                       0x08007b8b   Thumb Code   272  tasks.o(.text)
    xTaskGenericNotifyFromISR                0x08007c9b   Thumb Code   286  tasks.o(.text)
    vTaskNotifyGiveFromISR                   0x08007db9   Thumb Code   204  tasks.o(.text)
    xTaskNotifyStateClear                    0x08007e85   Thumb Code    48  tasks.o(.text)
    xTimerGenericCommand                     0x08007f21   Thumb Code   116  timers.o(.text)
    xTimerCreateTimerTask                    0x08008267   Thumb Code    56  timers.o(.text)
    xTimerCreate                             0x08008341   Thumb Code    48  timers.o(.text)
    xTimerGetTimerDaemonTaskHandle           0x08008371   Thumb Code    38  timers.o(.text)
    xTimerGetPeriod                          0x08008397   Thumb Code    28  timers.o(.text)
    xTimerGetExpiryTime                      0x080083b3   Thumb Code    30  timers.o(.text)
    pcTimerGetName                           0x080083d1   Thumb Code    28  timers.o(.text)
    xTimerIsTimerActive                      0x080083ed   Thumb Code    50  timers.o(.text)
    pvTimerGetTimerID                        0x0800841f   Thumb Code    38  timers.o(.text)
    vTimerSetTimerID                         0x08008445   Thumb Code    38  timers.o(.text)
    pvPortMalloc                             0x08008533   Thumb Code   262  heap_4.o(.text)
    vPortFree                                0x08008639   Thumb Code   120  heap_4.o(.text)
    xPortGetFreeHeapSize                     0x080086b1   Thumb Code     6  heap_4.o(.text)
    xPortGetMinimumEverFreeHeapSize          0x080086b7   Thumb Code     6  heap_4.o(.text)
    vPortInitialiseBlocks                    0x080086bd   Thumb Code     2  heap_4.o(.text)
    pxPortInitialiseStack                    0x08008739   Thumb Code    30  port.o(.text)
    vPortSetupTimerInterrupt                 0x08008757   Thumb Code    26  port.o(.text)
    xPortStartScheduler                      0x08008771   Thumb Code   140  port.o(.text)
    vPortEndScheduler                        0x080087fd   Thumb Code    34  port.o(.text)
    vPortEnterCritical                       0x0800881f   Thumb Code    70  port.o(.text)
    vPortExitCritical                        0x08008865   Thumb Code    48  port.o(.text)
    xPortSysTickHandler                      0x08008895   Thumb Code    48  port.o(.text)
    vPortValidateInterruptPriority           0x080088c5   Thumb Code    88  port.o(.text)
    __aeabi_memcpy                           0x0800896d   Thumb Code    36  memcpya.o(.text)
    __aeabi_memcpy4                          0x0800896d   Thumb Code     0  memcpya.o(.text)
    __aeabi_memcpy8                          0x0800896d   Thumb Code     0  memcpya.o(.text)
    __aeabi_memset                           0x08008991   Thumb Code    14  memseta.o(.text)
    __aeabi_memset4                          0x08008991   Thumb Code     0  memseta.o(.text)
    __aeabi_memset8                          0x08008991   Thumb Code     0  memseta.o(.text)
    __aeabi_memclr                           0x0800899f   Thumb Code     4  memseta.o(.text)
    __aeabi_memclr4                          0x0800899f   Thumb Code     0  memseta.o(.text)
    __aeabi_memclr8                          0x0800899f   Thumb Code     0  memseta.o(.text)
    _memset$wrapper                          0x080089a3   Thumb Code    18  memseta.o(.text)
    strlen                                   0x080089b5   Thumb Code    14  strlen.o(.text)
    memcmp                                   0x080089c3   Thumb Code    26  memcmp.o(.text)
    __aeabi_fadd                             0x080089dd   Thumb Code   164  fadd.o(.text)
    __aeabi_fsub                             0x08008a81   Thumb Code     6  fadd.o(.text)
    __aeabi_frsub                            0x08008a87   Thumb Code     6  fadd.o(.text)
    __aeabi_fmul                             0x08008a8d   Thumb Code   100  fmul.o(.text)
    __aeabi_fdiv                             0x08008af1   Thumb Code   124  fdiv.o(.text)
    __aeabi_ddiv                             0x08008b6d   Thumb Code   222  ddiv.o(.text)
    __aeabi_i2f                              0x08008c4b   Thumb Code    18  fflti.o(.text)
    __aeabi_ui2f                             0x08008c5d   Thumb Code    10  ffltui.o(.text)
    __aeabi_f2iz                             0x08008c67   Thumb Code    50  ffixi.o(.text)
    __aeabi_d2iz                             0x08008c99   Thumb Code    62  dfixi.o(.text)
    __aeabi_f2d                              0x08008cd7   Thumb Code    38  f2d.o(.text)
    __aeabi_cdcmpeq                          0x08008cfd   Thumb Code     0  cdcmple.o(.text)
    __aeabi_cdcmple                          0x08008cfd   Thumb Code    48  cdcmple.o(.text)
    __aeabi_cdrcmple                         0x08008d2d   Thumb Code    48  cdrcmple.o(.text)
    __aeabi_d2f                              0x08008d5d   Thumb Code    56  d2f.o(.text)
    __aeabi_cfcmpeq                          0x08008d95   Thumb Code     0  cfcmple.o(.text)
    __aeabi_cfcmple                          0x08008d95   Thumb Code    20  cfcmple.o(.text)
    __aeabi_cfrcmple                         0x08008da9   Thumb Code    20  cfrcmple.o(.text)
    __aeabi_uidiv                            0x08008dbd   Thumb Code     0  uidiv.o(.text)
    __aeabi_uidivmod                         0x08008dbd   Thumb Code    44  uidiv.o(.text)
    __aeabi_uldivmod                         0x08008de9   Thumb Code    98  uldiv.o(.text)
    __aeabi_llsr                             0x08008e4b   Thumb Code    32  llushr.o(.text)
    _ll_ushift_r                             0x08008e4b   Thumb Code     0  llushr.o(.text)
    __I$use$fp                               0x08008e6b   Thumb Code     0  iusefp.o(.text)
    _float_round                             0x08008e6b   Thumb Code    18  fepilogue.o(.text)
    _float_epilogue                          0x08008e7d   Thumb Code    92  fepilogue.o(.text)
    _double_round                            0x08008ed9   Thumb Code    30  depilogue.o(.text)
    _double_epilogue                         0x08008ef7   Thumb Code   156  depilogue.o(.text)
    __aeabi_dadd                             0x08008f93   Thumb Code   322  dadd.o(.text)
    __aeabi_dsub                             0x080090d5   Thumb Code     6  dadd.o(.text)
    __aeabi_drsub                            0x080090db   Thumb Code     6  dadd.o(.text)
    __aeabi_dmul                             0x080090e1   Thumb Code   228  dmul.o(.text)
    __aeabi_d2ulz                            0x080091c5   Thumb Code    48  dfixul.o(.text)
    __scatterload                            0x080091f5   Thumb Code    28  init.o(.text)
    __scatterload_rt2                        0x080091f5   Thumb Code     0  init.o(.text)
    __aeabi_llsl                             0x08009219   Thumb Code    30  llshl.o(.text)
    _ll_shift_l                              0x08009219   Thumb Code     0  llshl.o(.text)
    __aeabi_lasr                             0x08009237   Thumb Code    36  llsshr.o(.text)
    _ll_sshift_r                             0x08009237   Thumb Code     0  llsshr.o(.text)
    __decompress                             0x0800925b   Thumb Code     0  __dczerorl2.o(.text)
    __decompress1                            0x0800925b   Thumb Code    86  __dczerorl2.o(.text)
    __0printf                                0x080092b1   Thumb Code    22  printfa.o(i.__0printf)
    __1printf                                0x080092b1   Thumb Code     0  printfa.o(i.__0printf)
    __2printf                                0x080092b1   Thumb Code     0  printfa.o(i.__0printf)
    __c89printf                              0x080092b1   Thumb Code     0  printfa.o(i.__0printf)
    printf                                   0x080092b1   Thumb Code     0  printfa.o(i.__0printf)
    __0sprintf                               0x080092d1   Thumb Code    34  printfa.o(i.__0sprintf)
    __1sprintf                               0x080092d1   Thumb Code     0  printfa.o(i.__0sprintf)
    __2sprintf                               0x080092d1   Thumb Code     0  printfa.o(i.__0sprintf)
    __c89sprintf                             0x080092d1   Thumb Code     0  printfa.o(i.__0sprintf)
    sprintf                                  0x080092d1   Thumb Code     0  printfa.o(i.__0sprintf)
    __scatterload_copy                       0x080092f9   Thumb Code    14  handlers.o(i.__scatterload_copy)
    __scatterload_null                       0x08009307   Thumb Code     2  handlers.o(i.__scatterload_null)
    __scatterload_zeroinit                   0x08009309   Thumb Code    14  handlers.o(i.__scatterload_zeroinit)
    floor                                    0x08009bd5   Thumb Code   204  floor.o(i.floor)
    YAWCMD                                   0x08009cc8   Data           3  jy62.o(.constdata)
    ACCCMD                                   0x08009ccb   Data           3  jy62.o(.constdata)
    SLEEPCMD                                 0x08009cce   Data           3  jy62.o(.constdata)
    UARTMODECMD                              0x08009cd1   Data           3  jy62.o(.constdata)
    IICMODECMD                               0x08009cd4   Data           3  jy62.o(.constdata)
    OLED_F8x16                               0x08009cd7   Data        1520  oled_font.o(.constdata)
    Region$$Table$$Base                      0x0800a2c8   Number         0  anon$$obj.o(Region$$Table)
    Region$$Table$$Limit                     0x0800a2e8   Number         0  anon$$obj.o(Region$$Table)
    SystemCoreClock                          0x20000000   Data           4  system_stm32f10x.o(.data)
    AHBPrescTable                            0x20000004   Data          16  system_stm32f10x.o(.data)
    Task_Number_Handle                       0x20000028   Data           4  main.o(.data)
    Y_Speed                                  0x2000006c   Data           4  main.o(.data)
    X_Speed                                  0x20000070   Data           4  main.o(.data)
    angle_speed                              0x20000074   Data           4  main.o(.data)
    already_turned                           0x20000078   Data           1  main.o(.data)
    Y_have_achieved                          0x20000079   Data           1  main.o(.data)
    X_have_achieved                          0x2000007a   Data           1  main.o(.data)
    dataFromLinux                            0x2000007b   Data           4  main.o(.data)
    voice                                    0x2000007f   Data          18  main.o(.data)
    TxCounter                                0x200000aa   Data           1  jy62.o(.data)
    count1                                   0x200000ab   Data           1  jy62.o(.data)
    stcAcc                                   0x200000ac   Data           8  jy62.o(.data)
    stcGyro                                  0x200000b4   Data           8  jy62.o(.data)
    stcAngle                                 0x200000bc   Data           8  jy62.o(.data)
    len                                      0x200000c5   Data           1  software_usart.o(.data)
    recvStat                                 0x200000c6   Data           1  software_usart.o(.data)
    recvData                                 0x200000c7   Data           1  software_usart.o(.data)
    RGB                                      0x200000c8   Data           3  sys.o(.data)
    count                                    0x200000cc   Data           4  sys.o(.data)
    FloatLongType                            0x200000d0   Data           4  usart.o(.data)
    pxCurrentTCB                             0x200000d4   Data           4  tasks.o(.data)
    __stdout                                 0x20000148   Data           4  stdout.o(.data)
    VOFA_Data                                0x2000014c   Data          16  main.o(.bss)
    Coord                                    0x2000015c   Data          36  main.o(.bss)
    Turn_Angle_PID                           0x20000180   Data          36  main.o(.bss)
    X_Speed_PID                              0x200001a4   Data          36  main.o(.bss)
    Y_Speed_PID                              0x200001c8   Data          36  main.o(.bss)
    X_Base_On_Laser_PID                      0x200001ec   Data          36  main.o(.bss)
    Y_Base_On_Laser_PID                      0x20000210   Data          36  main.o(.bss)
    CCR_wheel                                0x20000234   Data          16  main.o(.bss)
    position_of_car                          0x20000244   Data          12  main.o(.bss)
    Distance                                 0x20000250   Data          24  main.o(.bss)
    U3_buffer                                0x20000278   Data         144  buffer.o(.bss)
    U2_buffer                                0x20000308   Data         144  buffer.o(.bss)
    Soft_Usart                               0x20000398   Data         144  buffer.o(.bss)
    U1_buffer                                0x20000428   Data         144  buffer.o(.bss)
    U4_buffer                                0x200004b8   Data         144  buffer.o(.bss)
    U5_buffer                                0x20000548   Data         144  buffer.o(.bss)
    IIC_buff                                 0x200005d8   Data         144  buffer.o(.bss)
    TxBuffer                                 0x20000668   Data         256  jy62.o(.bss)
    VL53_USARTX_Buff                         0x20000864   Data         144  vl53.o(.bss)
    ScreenBuffer                             0x200008f4   Data        1024  oled_buffer.o(.bss)
    xQueueRegistry                           0x20000cf4   Data          80  queue.o(.bss)
    __initial_sp                             0x20007450   Data           0  startup_stm32f10x_hd.o(STACK)



==============================================================================

Memory Map of the image

  Image Entry point : 0x08000131

  Load Region LR_IROM1 (Base: 0x08000000, Size: 0x0000a434, Max: 0x00080000, ABSOLUTE, COMPRESSED[0x0000a31c])

    Execution Region ER_IROM1 (Exec base: 0x08000000, Load base: 0x08000000, Size: 0x0000a2e8, Max: 0x00080000, ABSOLUTE)

    Exec Addr    Load Addr    Size         Type   Attr      Idx    E Section Name        Object

    0x08000000   0x08000000   0x00000130   Data   RO            3    RESET               startup_stm32f10x_hd.o
    0x08000130   0x08000130   0x00000000   Code   RO         1084  * .ARM.Collect$$$$00000000  mc_w.l(entry.o)
    0x08000130   0x08000130   0x00000004   Code   RO         1386    .ARM.Collect$$$$00000001  mc_w.l(entry2.o)
    0x08000134   0x08000134   0x00000004   Code   RO         1389    .ARM.Collect$$$$00000004  mc_w.l(entry5.o)
    0x08000138   0x08000138   0x00000000   Code   RO         1391    .ARM.Collect$$$$00000008  mc_w.l(entry7b.o)
    0x08000138   0x08000138   0x00000000   Code   RO         1393    .ARM.Collect$$$$0000000A  mc_w.l(entry8b.o)
    0x08000138   0x08000138   0x00000008   Code   RO         1394    .ARM.Collect$$$$0000000B  mc_w.l(entry9a.o)
    0x08000140   0x08000140   0x00000000   Code   RO         1396    .ARM.Collect$$$$0000000D  mc_w.l(entry10a.o)
    0x08000140   0x08000140   0x00000000   Code   RO         1398    .ARM.Collect$$$$0000000F  mc_w.l(entry11a.o)
    0x08000140   0x08000140   0x00000004   Code   RO         1387    .ARM.Collect$$$$00002712  mc_w.l(entry2.o)
    0x08000144   0x08000144   0x00000096   Code   RO         1050    .emb_text           port.o
    0x080001da   0x080001da   0x00000002   PAD
    0x080001dc   0x080001dc   0x00000024   Code   RO            4    .text               startup_stm32f10x_hd.o
    0x08000200   0x08000200   0x000001e0   Code   RO           24    .text               system_stm32f10x.o
    0x080003e0   0x080003e0   0x000000dc   Code   RO          121    .text               misc.o
    0x080004bc   0x080004bc   0x0000011c   Code   RO          252    .text               stm32f10x_exti.o
    0x080005d8   0x080005d8   0x0000035c   Code   RO          288    .text               stm32f10x_gpio.o
    0x08000934   0x08000934   0x000003a4   Code   RO          336    .text               stm32f10x_rcc.o
    0x08000cd8   0x08000cd8   0x00000e1a   Code   RO          386    .text               stm32f10x_tim.o
    0x08001af2   0x08001af2   0x00000002   PAD
    0x08001af4   0x08001af4   0x00000408   Code   RO          398    .text               stm32f10x_usart.o
    0x08001efc   0x08001efc   0x000013cc   Code   RO          422    .text               main.o
    0x080032c8   0x080032c8   0x00000024   Code   RO          554    .text               stm32f10x_it.o
    0x080032ec   0x080032ec   0x000004c0   Code   RO          569    .text               buffer.o
    0x080037ac   0x080037ac   0x00000078   Code   RO          594    .text               delay.o
    0x08003824   0x08003824   0x000001c4   Code   RO          606    .text               driver.o
    0x080039e8   0x080039e8   0x0000040c   Code   RO          622    .text               encoder.o
    0x08003df4   0x08003df4   0x00000200   Code   RO          644    .text               jy62.o
    0x08003ff4   0x08003ff4   0x0000011a   Code   RO          673    .text               pid.o
    0x0800410e   0x0800410e   0x00000002   PAD
    0x08004110   0x08004110   0x000002e8   Code   RO          689    .text               pwm.o
    0x080043f8   0x080043f8   0x00000378   Code   RO          705    .text               software_iic.o
    0x08004770   0x08004770   0x00000228   Code   RO          720    .text               software_usart.o
    0x08004998   0x08004998   0x000006c4   Code   RO          740    .text               sys.o
    0x0800505c   0x0800505c   0x000001ac   Code   RO          774    .text               vl53.o
    0x08005208   0x08005208   0x000000bc   Code   RO          813    .text               bsp_led.o
    0x080052c4   0x080052c4   0x000003f8   Code   RO          828    .text               usart.o
    0x080056bc   0x080056bc   0x00000442   Code   RO          851    .text               oled.o
    0x08005afe   0x08005afe   0x00000002   PAD
    0x08005b00   0x08005b00   0x00000038   Code   RO          867    .text               oled_buffer.o
    0x08005b38   0x08005b38   0x00000114   Code   RO          888    .text               oled_draw.o
    0x08005c4c   0x08005c4c   0x00000408   Code   RO          919    .text               event_groups.o
    0x08006054   0x08006054   0x00000094   Code   RO          959    .text               list.o
    0x080060e8   0x080060e8   0x00000a28   Code   RO          971    .text               queue.o
    0x08006b10   0x08006b10   0x000013c0   Code   RO          989    .text               tasks.o
    0x08007ed0   0x08007ed0   0x000005a0   Code   RO         1020    .text               timers.o
    0x08008470   0x08008470   0x00000298   Code   RO         1035    .text               heap_4.o
    0x08008708   0x08008708   0x00000264   Code   RO         1051    .text               port.o
    0x0800896c   0x0800896c   0x00000024   Code   RO         1087    .text               mc_w.l(memcpya.o)
    0x08008990   0x08008990   0x00000024   Code   RO         1089    .text               mc_w.l(memseta.o)
    0x080089b4   0x080089b4   0x0000000e   Code   RO         1091    .text               mc_w.l(strlen.o)
    0x080089c2   0x080089c2   0x0000001a   Code   RO         1093    .text               mc_w.l(memcmp.o)
    0x080089dc   0x080089dc   0x000000b0   Code   RO         1358    .text               mf_w.l(fadd.o)
    0x08008a8c   0x08008a8c   0x00000064   Code   RO         1360    .text               mf_w.l(fmul.o)
    0x08008af0   0x08008af0   0x0000007c   Code   RO         1362    .text               mf_w.l(fdiv.o)
    0x08008b6c   0x08008b6c   0x000000de   Code   RO         1364    .text               mf_w.l(ddiv.o)
    0x08008c4a   0x08008c4a   0x00000012   Code   RO         1366    .text               mf_w.l(fflti.o)
    0x08008c5c   0x08008c5c   0x0000000a   Code   RO         1368    .text               mf_w.l(ffltui.o)
    0x08008c66   0x08008c66   0x00000032   Code   RO         1370    .text               mf_w.l(ffixi.o)
    0x08008c98   0x08008c98   0x0000003e   Code   RO         1372    .text               mf_w.l(dfixi.o)
    0x08008cd6   0x08008cd6   0x00000026   Code   RO         1374    .text               mf_w.l(f2d.o)
    0x08008cfc   0x08008cfc   0x00000030   Code   RO         1376    .text               mf_w.l(cdcmple.o)
    0x08008d2c   0x08008d2c   0x00000030   Code   RO         1378    .text               mf_w.l(cdrcmple.o)
    0x08008d5c   0x08008d5c   0x00000038   Code   RO         1380    .text               mf_w.l(d2f.o)
    0x08008d94   0x08008d94   0x00000014   Code   RO         1382    .text               mf_w.l(cfcmple.o)
    0x08008da8   0x08008da8   0x00000014   Code   RO         1384    .text               mf_w.l(cfrcmple.o)
    0x08008dbc   0x08008dbc   0x0000002c   Code   RO         1401    .text               mc_w.l(uidiv.o)
    0x08008de8   0x08008de8   0x00000062   Code   RO         1403    .text               mc_w.l(uldiv.o)
    0x08008e4a   0x08008e4a   0x00000020   Code   RO         1405    .text               mc_w.l(llushr.o)
    0x08008e6a   0x08008e6a   0x00000000   Code   RO         1407    .text               mc_w.l(iusefp.o)
    0x08008e6a   0x08008e6a   0x0000006e   Code   RO         1408    .text               mf_w.l(fepilogue.o)
    0x08008ed8   0x08008ed8   0x000000ba   Code   RO         1410    .text               mf_w.l(depilogue.o)
    0x08008f92   0x08008f92   0x0000014e   Code   RO         1412    .text               mf_w.l(dadd.o)
    0x080090e0   0x080090e0   0x000000e4   Code   RO         1414    .text               mf_w.l(dmul.o)
    0x080091c4   0x080091c4   0x00000030   Code   RO         1416    .text               mf_w.l(dfixul.o)
    0x080091f4   0x080091f4   0x00000024   Code   RO         1418    .text               mc_w.l(init.o)
    0x08009218   0x08009218   0x0000001e   Code   RO         1420    .text               mc_w.l(llshl.o)
    0x08009236   0x08009236   0x00000024   Code   RO         1422    .text               mc_w.l(llsshr.o)
    0x0800925a   0x0800925a   0x00000056   Code   RO         1432    .text               mc_w.l(__dczerorl2.o)
    0x080092b0   0x080092b0   0x00000020   Code   RO         1330    i.__0printf         mc_w.l(printfa.o)
    0x080092d0   0x080092d0   0x00000028   Code   RO         1332    i.__0sprintf        mc_w.l(printfa.o)
    0x080092f8   0x080092f8   0x0000000e   Code   RO         1426    i.__scatterload_copy  mc_w.l(handlers.o)
    0x08009306   0x08009306   0x00000002   Code   RO         1427    i.__scatterload_null  mc_w.l(handlers.o)
    0x08009308   0x08009308   0x0000000e   Code   RO         1428    i.__scatterload_zeroinit  mc_w.l(handlers.o)
    0x08009316   0x08009316   0x00000002   PAD
    0x08009318   0x08009318   0x00000184   Code   RO         1337    i._fp_digits        mc_w.l(printfa.o)
    0x0800949c   0x0800949c   0x000006dc   Code   RO         1338    i._printf_core      mc_w.l(printfa.o)
    0x08009b78   0x08009b78   0x00000024   Code   RO         1339    i._printf_post_padding  mc_w.l(printfa.o)
    0x08009b9c   0x08009b9c   0x0000002e   Code   RO         1340    i._printf_pre_padding  mc_w.l(printfa.o)
    0x08009bca   0x08009bca   0x0000000a   Code   RO         1342    i._sputc            mc_w.l(printfa.o)
    0x08009bd4   0x08009bd4   0x000000dc   Code   RO         1081    i.floor             m_ws.l(floor.o)
    0x08009cb0   0x08009cb0   0x00000006   Data   RO          424    .constdata          main.o
    0x08009cb6   0x08009cb6   0x00000002   PAD
    0x08009cb8   0x08009cb8   0x00000010   Data   RO          607    .constdata          driver.o
    0x08009cc8   0x08009cc8   0x0000000f   Data   RO          646    .constdata          jy62.o
    0x08009cd7   0x08009cd7   0x000005f0   Data   RO          903    .constdata          oled_font.o
    0x0800a2c7   0x0800a2c7   0x00000001   PAD
    0x0800a2c8   0x0800a2c8   0x00000020   Data   RO         1424    Region$$Table       anon$$obj.o


    Execution Region RW_IRAM1 (Exec base: 0x20000000, Load base: 0x0800a2e8, Size: 0x00007450, Max: 0x00010000, ABSOLUTE, COMPRESSED[0x00000034])

    Exec Addr    Load Addr    Size         Type   Attr      Idx    E Section Name        Object

    0x20000000   COMPRESSED   0x00000014   Data   RW           25    .data               system_stm32f10x.o
    0x20000014   COMPRESSED   0x00000014   Data   RW          337    .data               stm32f10x_rcc.o
    0x20000028   COMPRESSED   0x00000082   Data   RW          425    .data               main.o
    0x200000aa   COMPRESSED   0x0000001b   Data   RW          647    .data               jy62.o
    0x200000c5   COMPRESSED   0x00000003   Data   RW          721    .data               software_usart.o
    0x200000c8   COMPRESSED   0x00000008   Data   RW          741    .data               sys.o
    0x200000d0   COMPRESSED   0x00000004   Data   RW          829    .data               usart.o
    0x200000d4   COMPRESSED   0x0000003c   Data   RW          991    .data               tasks.o
    0x20000110   COMPRESSED   0x00000014   Data   RW         1022    .data               timers.o
    0x20000124   COMPRESSED   0x00000018   Data   RW         1037    .data               heap_4.o
    0x2000013c   COMPRESSED   0x0000000c   Data   RW         1052    .data               port.o
    0x20000148   COMPRESSED   0x00000004   Data   RW         1400    .data               mc_w.l(stdout.o)
    0x2000014c        -       0x0000012c   Zero   RW          423    .bss                main.o
    0x20000278        -       0x000003f0   Zero   RW          570    .bss                buffer.o
    0x20000668        -       0x000001fa   Zero   RW          645    .bss                jy62.o
    0x20000862   COMPRESSED   0x00000002   PAD
    0x20000864        -       0x00000090   Zero   RW          775    .bss                vl53.o
    0x200008f4        -       0x00000400   Zero   RW          868    .bss                oled_buffer.o
    0x20000cf4        -       0x00000050   Zero   RW          972    .bss                queue.o
    0x20000d44        -       0x000002e4   Zero   RW          990    .bss                tasks.o
    0x20001028        -       0x00000028   Zero   RW         1021    .bss                timers.o
    0x20001050        -       0x00006000   Zero   RW         1036    .bss                heap_4.o
    0x20007050        -       0x00000400   Zero   RW            1    STACK               startup_stm32f10x_hd.o


==============================================================================

Image component sizes


      Code (inc. data)   RO Data    RW Data    ZI Data      Debug   Object Name

       188         14          0          0          0        948   bsp_led.o
      1216         68          0          0       1008       5800   buffer.o
         0          0          0          0          0       4508   core_cm3.o
       120          4          0          0          0       1286   delay.o
       452         10         16          0          0       1710   driver.o
      1036         34          0          0          0       2638   encoder.o
      1032         48          0          0          0      15712   event_groups.o
       664         74          0         24      24576       3192   heap_4.o
       512         40         15         27        506       2927   jy62.o
       148          0          0          0          0       1802   list.o
      5068       1010          6        130        300      26510   main.o
       220         22          0          0          0     208685   misc.o
      1090          8          0          0          0       5233   oled.o
        56          6          0          0       1024       1698   oled_buffer.o
       276          6          0          0          0       1610   oled_draw.o
         0          0       1520          0          0        409   oled_font.o
       282          0          0          0          0       2566   pid.o
       762         92          0         12          0       7579   port.o
       744         66          0          0          0       3671   pwm.o
      2600         52          0          0         80      12187   queue.o
       888         10          0          0          0       3354   software_iic.o
       552         20          0          3          0      17801   software_usart.o
        36          8        304          0       1024        840   startup_stm32f10x_hd.o
       284         10          0          0          0       2211   stm32f10x_exti.o
       860         38          0          0          0       5689   stm32f10x_gpio.o
        36          0          0          0          0       1091   stm32f10x_it.o
       932         36          0         20          0       8844   stm32f10x_rcc.o
      3610         88          0          0          0      22796   stm32f10x_tim.o
      1032         22          0          0          0       8408   stm32f10x_usart.o
      1732        164          0          8          0       5068   sys.o
       480         38          0         20          0      45247   system_stm32f10x.o
      5056        340          0         60        740      27972   tasks.o
      1440        110          0         20         40       7739   timers.o
      1016         50          0          4          0       5214   usart.o
       428         26          0          0        144       2144   vl53.o

    ----------------------------------------------------------------------
     34856       2514       1896        328      29444     475089   Object Totals
         0          0         32          0          0          0   (incl. Generated)
         8          0          3          0          2          0   (incl. Padding)

    ----------------------------------------------------------------------

      Code (inc. data)   RO Data    RW Data    ZI Data      Debug   Library Member Name

       220         16          0          0          0         84   floor.o
        86          0          0          0          0          0   __dczerorl2.o
         0          0          0          0          0          0   entry.o
         0          0          0          0          0          0   entry10a.o
         0          0          0          0          0          0   entry11a.o
         8          4          0          0          0          0   entry2.o
         4          0          0          0          0          0   entry5.o
         0          0          0          0          0          0   entry7b.o
         0          0          0          0          0          0   entry8b.o
         8          4          0          0          0          0   entry9a.o
        30          0          0          0          0          0   handlers.o
        36          8          0          0          0         68   init.o
         0          0          0          0          0          0   iusefp.o
        30          0          0          0          0         68   llshl.o
        36          0          0          0          0         68   llsshr.o
        32          0          0          0          0         68   llushr.o
        26          0          0          0          0         80   memcmp.o
        36          0          0          0          0         68   memcpya.o
        36          0          0          0          0        108   memseta.o
      2308         96          0          0          0        604   printfa.o
         0          0          0          4          0          0   stdout.o
        14          0          0          0          0         68   strlen.o
        44          0          0          0          0         80   uidiv.o
        98          0          0          0          0         92   uldiv.o
        48          0          0          0          0         68   cdcmple.o
        48          0          0          0          0         68   cdrcmple.o
        20          0          0          0          0         68   cfcmple.o
        20          0          0          0          0         68   cfrcmple.o
        56          0          0          0          0         88   d2f.o
       334          0          0          0          0        148   dadd.o
       222          0          0          0          0        100   ddiv.o
       186          0          0          0          0        176   depilogue.o
        62          0          0          0          0         80   dfixi.o
        48          0          0          0          0         68   dfixul.o
       228          0          0          0          0         96   dmul.o
        38          0          0          0          0         68   f2d.o
       176          0          0          0          0        140   fadd.o
       124          0          0          0          0         88   fdiv.o
       110          0          0          0          0        168   fepilogue.o
        50          0          0          0          0         68   ffixi.o
        18          0          0          0          0         68   fflti.o
        10          0          0          0          0         68   ffltui.o
       100          0          0          0          0         76   fmul.o

    ----------------------------------------------------------------------
      4952        128          0          4          0       3228   Library Totals
         2          0          0          0          0          0   (incl. Padding)

    ----------------------------------------------------------------------

      Code (inc. data)   RO Data    RW Data    ZI Data      Debug   Library Name

       220         16          0          0          0         84   m_ws.l
      2832        112          0          4          0       1372   mc_w.l
      1898          0          0          0          0       1772   mf_w.l

    ----------------------------------------------------------------------
      4952        128          0          4          0       3228   Library Totals

    ----------------------------------------------------------------------

==============================================================================


      Code (inc. data)   RO Data    RW Data    ZI Data      Debug   

     39808       2642       1896        332      29444     473869   Grand Totals
     39808       2642       1896         52      29444     473869   ELF Image Totals (compressed)
     39808       2642       1896         52          0          0   ROM Totals

==============================================================================

    Total RO  Size (Code + RO Data)                41704 (  40.73kB)
    Total RW  Size (RW Data + ZI Data)             29776 (  29.08kB)
    Total ROM Size (Code + RO Data + RW Data)      41756 (  40.78kB)

==============================================================================

