Component: ARM Compiler 5.06 update 6 (build 750) Tool: armlink [4d35ed]

==============================================================================

Section Cross References

    startup_stm32f10x_hd.o(RESET) refers to startup_stm32f10x_hd.o(STACK) for __initial_sp
    startup_stm32f10x_hd.o(RESET) refers to startup_stm32f10x_hd.o(.text) for Reset_Handler
    startup_stm32f10x_hd.o(RESET) refers to stm32f10x_it.o(.text) for NMI_Handler
    startup_stm32f10x_hd.o(RESET) refers to port.o(.emb_text) for SVC_Handler
    startup_stm32f10x_hd.o(RESET) refers to encoder.o(.text) for TIM2_IRQHandler
    startup_stm32f10x_hd.o(RESET) refers to usart.o(.text) for USART1_IRQHandler
    startup_stm32f10x_hd.o(RESET) refers to software_usart.o(.text) for EXTI15_10_IRQHandler
    startup_stm32f10x_hd.o(RESET) refers to jy62.o(.text) for UART4_IRQHandler
    startup_stm32f10x_hd.o(.text) refers to system_stm32f10x.o(.text) for SystemInit
    startup_stm32f10x_hd.o(.text) refers to entry.o(.ARM.Collect$$$$00000000) for __main
    system_stm32f10x.o(.text) refers to system_stm32f10x.o(.data) for SystemCoreClock
    stm32f10x_adc.o(.text) refers to stm32f10x_rcc.o(.text) for RCC_APB2PeriphResetCmd
    stm32f10x_bkp.o(.text) refers to stm32f10x_rcc.o(.text) for RCC_BackupResetCmd
    stm32f10x_can.o(.text) refers to stm32f10x_rcc.o(.text) for RCC_APB1PeriphResetCmd
    stm32f10x_cec.o(.text) refers to stm32f10x_rcc.o(.text) for RCC_APB1PeriphResetCmd
    stm32f10x_dac.o(.text) refers to stm32f10x_rcc.o(.text) for RCC_APB1PeriphResetCmd
    stm32f10x_gpio.o(.text) refers to stm32f10x_rcc.o(.text) for RCC_APB2PeriphResetCmd
    stm32f10x_i2c.o(.text) refers to stm32f10x_rcc.o(.text) for RCC_APB1PeriphResetCmd
    stm32f10x_pwr.o(.text) refers to stm32f10x_rcc.o(.text) for RCC_APB1PeriphResetCmd
    stm32f10x_rcc.o(.text) refers to stm32f10x_rcc.o(.data) for APBAHBPrescTable
    stm32f10x_spi.o(.text) refers to stm32f10x_rcc.o(.text) for RCC_APB2PeriphResetCmd
    stm32f10x_tim.o(.text) refers to stm32f10x_rcc.o(.text) for RCC_APB2PeriphResetCmd
    stm32f10x_usart.o(.text) refers to stm32f10x_rcc.o(.text) for RCC_APB2PeriphResetCmd
    stm32f10x_wwdg.o(.text) refers to stm32f10x_rcc.o(.text) for RCC_APB1PeriphResetCmd
    main.o(.text) refers to stm32f10x_gpio.o(.text) for GPIO_ReadInputDataBit
    main.o(.text) refers to tasks.o(.text) for vTaskDelay
    main.o(.text) refers to queue.o(.text) for xQueueGenericSend
    main.o(.text) refers to sys.o(.text) for OLED_SHOW_TASK
    main.o(.text) refers to printf5.o(i.__0printf$5) for __2printf
    main.o(.text) refers to port.o(.text) for vPortEnterCritical
    main.o(.text) refers to timers.o(.text) for xTimerCreate
    main.o(.text) refers to event_groups.o(.text) for xEventGroupCreate
    main.o(.text) refers to main.o(.data) for SURE_TASK
    main.o(.text) refers to stm32f10x_rcc.o(.text) for RCC_GetClocksFreq
    main.o(.text) refers to misc.o(.text) for NVIC_PriorityGroupConfig
    main.o(.text) refers to pwm.o(.text) for PWM_TIM1_config
    main.o(.text) refers to delay.o(.text) for TIMX_Delay_Init
    main.o(.text) refers to usart.o(.text) for USART1_Config
    main.o(.text) refers to buffer.o(.text) for Iinitial_BUFF
    main.o(.text) refers to jy62.o(.text) for USART4_Config_JY62
    main.o(.text) refers to driver.o(.text) for Initial_Control_PIN
    main.o(.text) refers to bsp_led.o(.text) for LED_GPIO_Config
    main.o(.text) refers to buffer.o(.bss) for U2_buffer
    stm32f10x_it.o(.text) refers to tasks.o(.text) for xTaskGetSchedulerState
    stm32f10x_it.o(.text) refers to port.o(.text) for xPortSysTickHandler
    bsp_led.o(.text) refers to stm32f10x_rcc.o(.text) for RCC_APB2PeriphClockCmd
    bsp_led.o(.text) refers to stm32f10x_gpio.o(.text) for GPIO_Init
    delay.o(.text) refers to stm32f10x_rcc.o(.text) for RCC_APB1PeriphClockCmd
    delay.o(.text) refers to stm32f10x_tim.o(.text) for TIM_TimeBaseInit
    sysclk_output.o(.text) refers to stm32f10x_gpio.o(.text) for GPIO_Init
    sysclk_output.o(.text) refers to stm32f10x_rcc.o(.text) for RCC_MCOConfig
    pwm.o(.text) refers to stm32f10x_rcc.o(.text) for RCC_APB2PeriphClockCmd
    pwm.o(.text) refers to stm32f10x_gpio.o(.text) for GPIO_PinRemapConfig
    pwm.o(.text) refers to stm32f10x_tim.o(.text) for TIM_TimeBaseInit
    pwm.o(.text) refers to printf5.o(i.__0printf$5) for __2printf
    driver.o(.text) refers to stm32f10x_rcc.o(.text) for RCC_APB2PeriphClockCmd
    driver.o(.text) refers to stm32f10x_gpio.o(.text) for GPIO_Init
    driver.o(.text) refers to driver.o(.constdata) for .constdata
    usart.o(.text) refers to misc.o(.text) for NVIC_PriorityGroupConfig
    usart.o(.text) refers to stm32f10x_rcc.o(.text) for RCC_APB2PeriphClockCmd
    usart.o(.text) refers to stm32f10x_gpio.o(.text) for GPIO_Init
    usart.o(.text) refers to stm32f10x_usart.o(.text) for USART_Init
    usart.o(.text) refers to buffer.o(.text) for Write_BUFF
    usart.o(.text) refers to usart.o(.data) for buff_usart2
[...]
    printfa.o(i._printf_core) refers to uldiv.o(.text) for __aeabi_uldivmod
    printfa.o(i._printf_core) refers to printfa.o(i._printf_post_padding) for _printf_post_padding
    printfa.o(i._printf_core) refers to printfa.o(i._fp_digits) for _fp_digits
    printfa.o(i._printf_core) refers to uidiv.o(.text) for __aeabi_uidivmod
    printfa.o(i._printf_post_padding) refers (Special) to iusefp.o(.text) for __I$use$fp
    printfa.o(i._printf_pre_padding) refers (Special) to iusefp.o(.text) for __I$use$fp
    printfa.o(i._snputc) refers (Special) to iusefp.o(.text) for __I$use$fp
    printfa.o(i._sputc) refers (Special) to iusefp.o(.text) for __I$use$fp
    fadd.o(.text) refers (Special) to iusefp.o(.text) for __I$use$fp
    fadd.o(.text) refers to fepilogue.o(.text) for _float_epilogue
    fmul.o(.text) refers (Special) to iusefp.o(.text) for __I$use$fp
    fflti.o(.text) refers (Special) to iusefp.o(.text) for __I$use$fp
    fflti.o(.text) refers to fepilogue.o(.text) for _float_epilogue
    ffixi.o(.text) refers (Special) to iusefp.o(.text) for __I$use$fp
    cfcmple.o(.text) refers (Special) to iusefp.o(.text) for __I$use$fp
    cfrcmple.o(.text) refers (Special) to iusefp.o(.text) for __I$use$fp
    entry2.o(.ARM.Collect$$$$00000001) refers to entry2.o(.ARM.Collect$$$$00002712) for __lit__00000000
    entry2.o(.ARM.Collect$$$$00002712) refers to startup_stm32f10x_hd.o(STACK) for __initial_sp
    entry2.o(__vectab_stack_and_reset_area) refers to startup_stm32f10x_hd.o(STACK) for __initial_sp
    entry2.o(__vectab_stack_and_reset_area) refers to entry.o(.ARM.Collect$$$$00000000) for __main
    entry5.o(.ARM.Collect$$$$00000004) refers to init.o(.text) for __scatterload
    entry9a.o(.ARM.Collect$$$$0000000B) refers to main.o(.text) for main
    entry9b.o(.ARM.Collect$$$$0000000C) refers to main.o(.text) for main
    uldiv.o(.text) refers to llushr.o(.text) for __aeabi_llsr
    uldiv.o(.text) refers to llshl.o(.text) for __aeabi_llsl
    dadd.o(.text) refers to llshl.o(.text) for __aeabi_llsl
    dadd.o(.text) refers to llsshr.o(.text) for __aeabi_lasr
    dadd.o(.text) refers to depilogue.o(.text) for _double_epilogue
    dmul.o(.text) refers to depilogue.o(.text) for _double_epilogue
    ddiv.o(.text) refers to depilogue.o(.text) for _double_round
    dfixul.o(.text) refers to llushr.o(.text) for __aeabi_llsr
    dfixul.o(.text) refers to llshl.o(.text) for __aeabi_llsl
    init.o(.text) refers to entry5.o(.ARM.Collect$$$$00000004) for __main_after_scatterload
    depilogue.o(.text) refers to llshl.o(.text) for __aeabi_llsl
    depilogue.o(.text) refers to llushr.o(.text) for __aeabi_llsr


==============================================================================

Removing Unused input sections from the image.

    Removing startup_stm32f10x_hd.o(HEAP), (512 bytes).
    Removing core_cm3.o(.emb_text), (32 bytes).
    Removing stm32f10x_adc.o(.text), (1102 bytes).
    Removing stm32f10x_bkp.o(.text), (196 bytes).
    Removing stm32f10x_can.o(.text), (2544 bytes).
    Removing stm32f10x_cec.o(.text), (288 bytes).
    Removing stm32f10x_crc.o(.text), (72 bytes).
    Removing stm32f10x_dac.o(.text), (396 bytes).
    Removing stm32f10x_dbgmcu.o(.text), (48 bytes).
    Removing stm32f10x_dma.o(.text), (596 bytes).
    Removing stm32f10x_flash.o(.text), (1468 bytes).
    Removing stm32f10x_fsmc.o(.text), (1548 bytes).
    Removing stm32f10x_i2c.o(.text), (1028 bytes).
    Removing stm32f10x_iwdg.o(.text), (64 bytes).
    Removing stm32f10x_pwr.o(.text), (204 bytes).
    Removing stm32f10x_rtc.o(.text), (328 bytes).
    Removing stm32f10x_sdio.o(.text), (468 bytes).
    Removing stm32f10x_spi.o(.text), (780 bytes).
    Removing stm32f10x_wwdg.o(.text), (136 bytes).
    Removing main.o(.bss), (12 bytes).
    Removing sysclk_output.o(.text), (44 bytes).
    Removing driver.o(.data), (32 bytes).
    Removing software_iic.o(.text), (888 bytes).
    Removing pid.o(.text), (296 bytes).
    Removing pid.o(.bss), (36 bytes).
    Removing jy62.o(.constdata), (15 bytes).
    Removing steeper.o(.text), (104 bytes).
    Removing tcs34725.o(.text), (1512 bytes).
    Removing tcs34725.o(.data), (12 bytes).
    Removing oled.o(.text), (1048 bytes).
    Removing oled.o(.constdata), (1520 bytes).
    Removing fadd.o(.text), (176 bytes).
    Removing fmul.o(.text), (100 bytes).
    Removing fflti.o(.text), (18 bytes).
    Removing ffixi.o(.text), (50 bytes).
    Removing cfcmple.o(.text), (20 bytes).
    Removing cfrcmple.o(.text), (20 bytes).
    Removing fepilogue.o(.text), (110 bytes).
    Removing dadd.o(.text), (334 bytes).
    Removing dmul.o(.text), (228 bytes).
    Removing ddiv.o(.text), (222 bytes).
    Removing dfixul.o(.text), (48 bytes).
    Removing cdrcmple.o(.text), (48 bytes).
    Removing depilogue.o(.text), (186 bytes).

44 unused section(s) (total 18889 bytes) removed from the image.

==============================================================================

Image Symbol Table

    Local Symbols

    Symbol Name                              Value     Ov Type        Size  Object(Section)

    ../clib/microlib/division.c              0x00000000   Number         0  uldiv.o ABSOLUTE
    ../clib/microlib/division.c              0x00000000   Number         0  uidiv.o ABSOLUTE
    ../clib/microlib/init/entry.s            0x00000000   Number         0  entry9b.o ABSOLUTE
    ../clib/microlib/init/entry.s            0x00000000   Number         0  entry11b.o ABSOLUTE
    ../clib/microlib/init/entry.s            0x00000000   Number         0  entry10a.o ABSOLUTE
    ../clib/microlib/init/entry.s            0x00000000   Number         0  entry8a.o ABSOLUTE
    ../clib/microlib/init/entry.s            0x00000000   Number         0  entry.o ABSOLUTE
    ../clib/microlib/init/entry.s            0x00000000   Number         0  entry8b.o ABSOLUTE
    ../clib/microlib/init/entry.s            0x00000000   Number         0  entry9a.o ABSOLUTE
    ../clib/microlib/init/entry.s            0x00000000   Number         0  entry2.o ABSOLUTE
    ../clib/microlib/init/entry.s            0x00000000   Number         0  entry5.o ABSOLUTE
    ../clib/microlib/init/entry.s            0x00000000   Number         0  entry7a.o ABSOLUTE
    ../clib/microlib/init/entry.s            0x00000000   Number         0  entry7b.o ABSOLUTE
    ../clib/microlib/init/entry.s            0x00000000   Number         0  entry10b.o ABSOLUTE
    ../clib/microlib/init/entry.s            0x00000000   Number         0  entry11a.o ABSOLUTE
    ../clib/microlib/longlong.c              0x00000000   Number         0  llshl.o ABSOLUTE
    ../clib/microlib/longlong.c              0x00000000   Number         0  llushr.o ABSOLUTE
    ../clib/microlib/longlong.c              0x00000000   Number         0  llsshr.o ABSOLUTE
    ../clib/microlib/printf/printf.c         0x00000000   Number         0  printf6.o ABSOLUTE
    ../clib/microlib/printf/printf.c         0x00000000   Number         0  printf5.o ABSOLUTE
    ../clib/microlib/printf/printf.c         0x00000000   Number         0  printf0.o ABSOLUTE
    ../clib/microlib/printf/printf.c         0x00000000   Number         0  printfb.o ABSOLUTE
    ../clib/microlib/printf/printf.c         0x00000000   Number         0  printf4.o ABSOLUTE
    ../clib/microlib/printf/printf.c         0x00000000   Number         0  printf7.o ABSOLUTE
    ../clib/microlib/printf/printf.c         0x00000000   Number         0  printf3.o ABSOLUTE
    ../clib/microlib/printf/printf.c         0x00000000   Number         0  printf2.o ABSOLUTE
    ../clib/microlib/printf/printf.c         0x00000000   Number         0  printf1.o ABSOLUTE
    ../clib/microlib/printf/printf.c         0x00000000   Number         0  printf8.o ABSOLUTE
    ../clib/microlib/printf/printf.c         0x00000000   Number         0  printfa.o ABSOLUTE
    ../clib/microlib/printf/stubs.s          0x00000000   Number         0  stubs.o ABSOLUTE
    ../clib/microlib/stdio/streams.c         0x00000000   Number         0  stdout.o ABSOLUTE
    ../clib/microlib/string/memcpy.c         0x00000000   Number         0  memcpyb.o ABSOLUTE
    ../clib/microlib/string/memcpy.c         0x00000000   Number         0  memcpya.o ABSOLUTE
    ../clib/microlib/string/strlen.c         0x00000000   Number         0  strlen.o ABSOLUTE
    ../clib/microlib/stubs.s                 0x00000000   Number         0  iusefp.o ABSOLUTE
    ../fplib/microlib/fpadd.c                0x00000000   Number         0  fadd.o ABSOLUTE
    ../fplib/microlib/fpadd.c                0x00000000   Number         0  dadd.o ABSOLUTE
    ../fplib/microlib/fpdiv.c                0x00000000   Number         0  ddiv.o ABSOLUTE
    ../fplib/microlib/fpepilogue.c           0x00000000   Number         0  depilogue.o ABSOLUTE
    ../fplib/microlib/fpepilogue.c           0x00000000   Number         0  fepilogue.o ABSOLUTE
    ../fplib/microlib/fpfix.c                0x00000000   Number         0  dfixul.o ABSOLUTE
    ../fplib/microlib/fpfix.c                0x00000000   Number         0  ffixi.o ABSOLUTE
    ../fplib/microlib/fpflt.c                0x00000000   Number         0  fflti.o ABSOLUTE
    ../fplib/microlib/fpmul.c                0x00000000   Number         0  fmul.o ABSOLUTE
    ../fplib/microlib/fpmul.c                0x00000000   Number         0  dmul.o ABSOLUTE
    ..\..\FreeRTOS\port\MemMang\heap_4.c     0x00000000   Number         0  heap_4.o ABSOLUTE
    ..\..\FreeRTOS\port\RVDS\ARM_CM3\port.c  0x00000000   Number         0  port.o ABSOLUTE
    ..\..\FreeRTOS\src\croutine.c            0x00000000   Number         0  croutine.o ABSOLUTE
    ..\..\FreeRTOS\src\event_groups.c        0x00000000   Number         0  event_groups.o ABSOLUTE
    ..\..\FreeRTOS\src\list.c                0x00000000   Number         0  list.o ABSOLUTE
    ..\..\FreeRTOS\src\queue.c               0x00000000   Number         0  queue.o ABSOLUTE
    ..\..\FreeRTOS\src\tasks.c               0x00000000   Number         0  tasks.o ABSOLUTE
    ..\..\FreeRTOS\src\timers.c              0x00000000   Number         0  timers.o ABSOLUTE
    ..\..\Libraries\CMSIS\core_cm3.c         0x00000000   Number         0  core_cm3.o ABSOLUTE
    ..\..\Libraries\CMSIS\startup\startup_stm32f10x_hd.s 0x00000000   Number         0  startup_stm32f10x_hd.o ABSOLUTE
    ..\..\Libraries\CMSIS\system_stm32f10x.c 0x00000000   Number         0  system_stm32f10x.o ABSOLUTE
    ..\..\Libraries\FWlib\src\misc.c         0x00000000   Number         0  misc.o ABSOLUTE
    ..\..\Libraries\FWlib\src\stm32f10x_adc.c 0x00000000   Number         0  stm32f10x_adc.o ABSOLUTE
    ..\..\Libraries\FWlib\src\stm32f10x_bkp.c 0x00000000   Number         0  stm32f10x_bkp.o ABSOLUTE
    ..\..\Libraries\FWlib\src\stm32f10x_can.c 0x00000000   Number         0  stm32f10x_can.o ABSOLUTE
    ..\..\Libraries\FWlib\src\stm32f10x_cec.c 0x00000000   Number         0  stm32f10x_cec.o ABSOLUTE
    ..\..\Libraries\FWlib\src\stm32f10x_crc.c 0x00000000   Number         0  stm32f10x_crc.o ABSOLUTE
    ..\..\Libraries\FWlib\src\stm32f10x_dac.c 0x00000000   Number         0  stm32f10x_dac.o ABSOLUTE
    ..\..\Libraries\FWlib\src\stm32f10x_dbgmcu.c 0x00000000   Number         0  stm32f10x_dbgmcu.o ABSOLUTE
    ..\..\Libraries\FWlib\src\stm32f10x_dma.c 0x00000000   Number         0  stm32f10x_dma.o ABSOLUTE
    ..\..\Libraries\FWlib\src\stm32f10x_exti.c 0x00000000   Number         0  stm32f10x_exti.o ABSOLUTE
    ..\..\Libraries\FWlib\src\stm32f10x_flash.c 0x00000000   Number         0  stm32f10x_flash.o ABSOLUTE
    ..\..\Libraries\FWlib\src\stm32f10x_fsmc.c 0x00000000   Number         0  stm32f10x_fsmc.o ABSOLUTE
    ..\..\Libraries\FWlib\src\stm32f10x_gpio.c 0x00000000   Number         0  stm32f10x_gpio.o ABSOLUTE
    ..\..\Libraries\FWlib\src\stm32f10x_i2c.c 0x00000000   Number         0  stm32f10x_i2c.o ABSOLUTE
    ..\..\Libraries\FWlib\src\stm32f10x_iwdg.c 0x00000000   Number         0  stm32f10x_iwdg.o ABSOLUTE
    ..\..\Libraries\FWlib\src\stm32f10x_pwr.c 0x00000000   Number         0  stm32f10x_pwr.o ABSOLUTE
    ..\..\Libraries\FWlib\src\stm32f10x_rcc.c 0x00000000   Number         0  stm32f10x_rcc.o ABSOLUTE
    ..\..\Libraries\FWlib\src\stm32f10x_rtc.c 0x00000000   Number         0  stm32f10x_rtc.o ABSOLUTE
    ..\..\Libraries\FWlib\src\stm32f10x_sdio.c 0x00000000   Number         0  stm32f10x_sdio.o ABSOLUTE
    ..\..\Libraries\FWlib\src\stm32f10x_spi.c 0x00000000   Number         0  stm32f10x_spi.o ABSOLUTE
    ..\..\Libraries\FWlib\src\stm32f10x_tim.c 0x00000000   Number         0  stm32f10x_tim.o ABSOLUTE
    ..\..\Libraries\FWlib\src\stm32f10x_usart.c 0x00000000   Number         0  stm32f10x_usart.o ABSOLUTE
    ..\..\Libraries\FWlib\src\stm32f10x_wwdg.c 0x00000000   Number         0  stm32f10x_wwdg.o ABSOLUTE
    ..\..\User\Delay.c                       0x00000000   Number         0  delay.o ABSOLUTE
    ..\..\User\Driver.c                      0x00000000   Number         0  driver.o ABSOLUTE
    ..\..\User\JY62.c                        0x00000000   Number         0  jy62.o ABSOLUTE
    ..\..\User\Led\bsp_led.c                 0x00000000   Number         0  bsp_led.o ABSOLUTE
    ..\..\User\MPU6050.c                     0x00000000   Number         0  mpu6050.o ABSOLUTE
    ..\..\User\NRF24L01.c                    0x00000000   Number         0  nrf24l01.o ABSOLUTE
    ..\..\User\OLED.c                        0x00000000   Number         0  oled.o ABSOLUTE
    ..\..\User\PID.c                         0x00000000   Number         0  pid.o ABSOLUTE
    ..\..\User\PWM.c                         0x00000000   Number         0  pwm.o ABSOLUTE
    ..\..\User\Software_iic.c                0x00000000   Number         0  software_iic.o ABSOLUTE
    ..\..\User\Steeper.c                     0x00000000   Number         0  steeper.o ABSOLUTE
    ..\..\User\Sysclk_output.c               0x00000000   Number         0  sysclk_output.o ABSOLUTE
    ..\..\User\VL53.c                        0x00000000   Number         0  vl53.o ABSOLUTE
    ..\..\User\buffer.c                      0x00000000   Number         0  buffer.o ABSOLUTE
    ..\..\User\car_layer\car_control.c       0x00000000   Number         0  car_control.o ABSOLUTE
    ..\..\User\encoder.c                     0x00000000   Number         0  encoder.o ABSOLUTE
    ..\..\User\exti\bsp_exti.c               0x00000000   Number         0  bsp_exti.o ABSOLUTE
    ..\..\User\flash.c                       0x00000000   Number         0  flash.o ABSOLUTE
    ..\..\User\main.c                        0x00000000   Number         0  main.o ABSOLUTE
    ..\..\User\software_usart.c              0x00000000   Number         0  software_usart.o ABSOLUTE
    ..\..\User\stm32f10x_it.c                0x00000000   Number         0  stm32f10x_it.o ABSOLUTE
    ..\..\User\sys.c                         0x00000000   Number         0  sys.o ABSOLUTE
    ..\..\User\tcs34725.c                    0x00000000   Number         0  tcs34725.o ABSOLUTE
    ..\..\User\uart\usart.c                  0x00000000   Number         0  usart.o ABSOLUTE
    ..\..\User\wirless_usart.c               0x00000000   Number         0  wirless_usart.o ABSOLUTE
    ..\\..\\FreeRTOS\\port\\RVDS\\ARM_CM3\\port.c 0x00000000   Number         0  port.o ABSOLUTE
    ..\\..\\Libraries\\CMSIS\\core_cm3.c     0x00000000   Number         0  core_cm3.o ABSOLUTE
    cdrcmple.s                               0x00000000   Number         0  cdrcmple.o ABSOLUTE
    cfcmple.s                                0x00000000   Number         0  cfcmple.o ABSOLUTE
    cfrcmple.s                               0x00000000   Number         0  cfrcmple.o ABSOLUTE
    dc.s                                     0x00000000   Number         0  dc.o ABSOLUTE
    handlers.s                               0x00000000   Number         0  handlers.o ABSOLUTE
    init.s                                   0x00000000   Number         0  init.o ABSOLUTE
    RESET                                    0x08000000   Section      304  startup_stm32f10x_hd.o(RESET)
    .ARM.Collect$$$$00000000                 0x08000130   Section        0  entry.o(.ARM.Collect$$$$00000000)
    .ARM.Collect$$$$00000001                 0x08000130   Section        4  entry2.o(.ARM.Collect$$$$00000001)
    .ARM.Collect$$$$00000004                 0x08000134   Section        4  entry5.o(.ARM.Collect$$$$00000004)
    .ARM.Collect$$$$00000008                 0x08000138   Section        0  entry7b.o(.ARM.Collect$$$$00000008)
    .ARM.Collect$$$$0000000A                 0x08000138   Section        0  entry8b.o(.ARM.Collect$$$$0000000A)
    .ARM.Collect$$$$0000000B                 0x08000138   Section        8  entry9a.o(.ARM.Collect$$$$0000000B)
    .ARM.Collect$$$$0000000D                 0x08000140   Section        0  entry10a.o(.ARM.Collect$$$$0000000D)
    .ARM.Collect$$$$0000000F                 0x08000140   Section        0  entry11a.o(.ARM.Collect$$$$0000000F)
    .ARM.Collect$$$$00002712                 0x08000140   Section        4  entry2.o(.ARM.Collect$$$$00002712)
    __lit__00000000                          0x08000140   Data           4  entry2.o(.ARM.Collect$$$$00002712)
    .emb_text                                0x08000144   Section      150  port.o(.emb_text)
    .text                                    0x080001dc   Section       36  startup_stm32f10x_hd.o(.text)
    .text                                    0x08000200   Section        0  system_stm32f10x.o(.text)
    SetSysClockTo72                          0x08000201   Thumb Code   214  system_stm32f10x.o(.text)
    SetSysClock                              0x080002d7   Thumb Code     8  system_stm32f10x.o(.text)
    .text                                    0x080003e0   Section        0  misc.o(.text)
    .text                                    0x080004bc   Section        0  stm32f10x_exti.o(.text)
    .text                                    0x080005d8   Section        0  stm32f10x_gpio.o(.text)
    .text                                    0x08000934   Section        0  stm32f10x_rcc.o(.text)
    .text                                    0x08000cd8   Section        0  stm32f10x_tim.o(.text)
    TI4_Config                               0x0800117f   Thumb Code   130  stm32f10x_tim.o(.text)
    TI3_Config                               0x08001213   Thumb Code   122  stm32f10x_tim.o(.text)
    TI2_Config                               0x080012a7   Thumb Code   130  stm32f10x_tim.o(.text)
    TI1_Config                               0x0800133b   Thumb Code   108  stm32f10x_tim.o(.text)
    .text                                    0x08001af4   Section        0  stm32f10x_usart.o(.text)
    .text                                    0x08001efc   Section        0  main.o(.text)
    Task_Change                              0x08001efd   Thumb Code   544  main.o(.text)
    sendto_Upper                             0x0800211d   Thumb Code     2  main.o(.text)
    analyse_data                             0x0800211f   Thumb Code     2  main.o(.text)
    line_walking                             0x08002121   Thumb Code     2  main.o(.text)
    Task__FOUR                               0x08002123   Thumb Code    10  main.o(.text)
    Task__THREE                              0x0800212d   Thumb Code    10  main.o(.text)
    OLED_SHOW                                0x08002137   Thumb Code    14  main.o(.text)
    Task__ONE                                0x08002145   Thumb Code    16  main.o(.text)
    Task__TWO                                0x08002155   Thumb Code    10  main.o(.text)
    AppTaskCreate                            0x0800215f   Thumb Code   770  main.o(.text)
    BSP_Init                                 0x08002461   Thumb Code   146  main.o(.text)
    .text                                    0x0800254c   Section        0  stm32f10x_it.o(.text)
    .text                                    0x08002570   Section        0  bsp_led.o(.text)
    .text                                    0x0800262c   Section        0  delay.o(.text)
    .text                                    0x080026a4   Section        0  pwm.o(.text)
    .text                                    0x0800298c   Section        0  driver.o(.text)
    .text                                    0x08002b50   Section        0  usart.o(.text)
    NVIC_USART1_Configuration                0x08002b51   Thumb Code    42  usart.o(.text)
    NVIC_USART2_Configuration                0x08002c17   Thumb Code    42  usart.o(.text)
    .text                                    0x08002e48   Section        0  software_usart.o(.text)
    .text                                    0x08003070   Section        0  buffer.o(.text)
    .text                                    0x08003478   Section        0  jy62.o(.text)
    NVIC_USART4_Configuration                0x08003479   Thumb Code    42  jy62.o(.text)
    .text                                    0x08003678   Section        0  sys.o(.text)
    .text                                    0x0800367c   Section        0  encoder.o(.text)
    Encoder_Init_TIM3                        0x0800376b   Thumb Code   178  encoder.o(.text)
    Encoder_Init_TIM4                        0x0800381d   Thumb Code   196  encoder.o(.text)
    Encoder_Init_TIM5                        0x080038e1   Thumb Code   176  encoder.o(.text)
    .text                                    0x08003a88   Section        0  event_groups.o(.text)
    prvTestWaitCondition                     0x08003c41   Thumb Code    30  event_groups.o(.text)
    .text                                    0x08003e98   Section        0  list.o(.text)
    .text                                    0x08003f2c   Section        0  queue.o(.text)
    prvInitialiseNewQueue                    0x08003fb5   Thumb Code    38  queue.o(.text)
    prvUnlockQueue                           0x08004029   Thumb Code   126  queue.o(.text)
    prvIsQueueFull                           0x080040a7   Thumb Code    30  queue.o(.text)
    prvCopyDataToQueue                       0x080040c5   Thumb Code   106  queue.o(.text)
    prvIsQueueEmpty                          0x08004485   Thumb Code    26  queue.o(.text)
    prvCopyDataFromQueue                     0x0800449f   Thumb Code    42  queue.o(.text)
    .text                                    0x08004958   Section        0  tasks.o(.text)
    prvInitialiseTaskLists                   0x08004959   Thumb Code    70  tasks.o(.text)
    prvAddNewTaskToReadyList                 0x0800499f   Thumb Code   150  tasks.o(.text)
    prvInitialiseNewTask                     0x08004a35   Thumb Code   154  tasks.o(.text)
    prvResetNextTaskUnblockTime              0x08004b2f   Thumb Code    42  tasks.o(.text)
    prvDeleteTCB                             0x08004b59   Thumb Code    18  tasks.o(.text)
    prvAddCurrentTaskToDelayedList           0x08004e93   Thumb Code   124  tasks.o(.text)
    prvTaskIsTaskSuspended                   0x08005345   Thumb Code    76  tasks.o(.text)
    prvCheckTasksWaitingTermination          0x080054a3   Thumb Code    86  tasks.o(.text)
    prvIdleTask                              0x080054f9   Thumb Code    32  tasks.o(.text)
    .text                                    0x08005d1c   Section        0  timers.o(.text)
    prvInsertTimerInActiveList               0x08005d1d   Thumb Code    80  timers.o(.text)
    prvSwitchTimerLists                      0x08005de1   Thumb Code   140  timers.o(.text)
    prvSampleTimeNow                         0x08005e6d   Thumb Code    40  timers.o(.text)
    prvProcessReceivedCommands               0x08005e95   Thumb Code   222  timers.o(.text)
    prvProcessExpiredTimer                   0x08005f73   Thumb Code    84  timers.o(.text)
    prvProcessTimerOrBlockTask               0x08005fc7   Thumb Code   102  timers.o(.text)
    prvGetNextExpireTime                     0x0800602d   Thumb Code    36  timers.o(.text)
    prvTimerTask                             0x08006051   Thumb Code    26  timers.o(.text)
    prvCheckForValidListAndQueue             0x0800606b   Thumb Code    72  timers.o(.text)
    prvInitialiseNewTimer                    0x080060eb   Thumb Code   166  timers.o(.text)
    .text                                    0x080062c0   Section        0  heap_4.o(.text)
    prvInsertBlockIntoFreeList               0x080062c1   Thumb Code    96  heap_4.o(.text)
    prvHeapInit                              0x08006321   Thumb Code    98  heap_4.o(.text)
    .text                                    0x08006560   Section        0  port.o(.text)
    prvTaskExitError                         0x08006561   Thumb Code    48  port.o(.text)
    .text                                    0x080067c8   Section        0  memcpya.o(.text)
    .text                                    0x080067ec   Section        0  strlen.o(.text)
    .text                                    0x080067fa   Section        0  uldiv.o(.text)
    .text                                    0x0800685c   Section       36  init.o(.text)
    .text                                    0x08006880   Section        0  llshl.o(.text)
    .text                                    0x0800689e   Section        0  llushr.o(.text)
    i.__0printf$5                            0x080068c0   Section        0  printf5.o(i.__0printf$5)
    i.__scatterload_copy                     0x080068e0   Section       14  handlers.o(i.__scatterload_copy)
    i.__scatterload_null                     0x080068ee   Section        2  handlers.o(i.__scatterload_null)
    i.__scatterload_zeroinit                 0x080068f0   Section       14  handlers.o(i.__scatterload_zeroinit)
    i._printf_core                           0x08006900   Section        0  printf5.o(i._printf_core)
    _printf_core                             0x08006901   Thumb Code   658  printf5.o(i._printf_core)
    .constdata                               0x08006bc0   Section       16  driver.o(.constdata)
    .data                                    0x20000000   Section       20  system_stm32f10x.o(.data)
    .data                                    0x20000014   Section       20  stm32f10x_rcc.o(.data)
    APBAHBPrescTable                         0x20000014   Data          16  stm32f10x_rcc.o(.data)
    ADCPrescTable                            0x20000024   Data           4  stm32f10x_rcc.o(.data)
    .data                                    0x20000028   Section       68  main.o(.data)
    Task_Handle                              0x2000002c   Data           4  main.o(.data)
    Task_Change_Handle                       0x20000030   Data           4  main.o(.data)
    sendto_Upper_Handle                      0x20000034   Data           4  main.o(.data)
    line_walking_Handle                      0x20000038   Data           4  main.o(.data)
    analyse_data_Handle                      0x2000003c   Data           4  main.o(.data)
    OLED_SHOW_Handle                         0x20000040   Data           4  main.o(.data)
    AppTaskCreate_Handle                     0x20000044   Data           4  main.o(.data)
    Task__ONE_Handle                         0x20000048   Data           4  main.o(.data)
    Task__TWO_Handle                         0x2000004c   Data           4  main.o(.data)
    Task__THREE_Handle                       0x20000050   Data           4  main.o(.data)
    Task__FOUR_Handle                        0x20000054   Data           4  main.o(.data)
    Group_One_Handle                         0x20000058   Data           4  main.o(.data)
    Event_Task                               0x2000006a   Data           1  main.o(.data)
    SURE_TASK                                0x2000006b   Data           1  main.o(.data)
    .data                                    0x2000006c   Section        8  usart.o(.data)
    .data                                    0x20000074   Section        3  software_usart.o(.data)
    .data                                    0x20000078   Section       27  jy62.o(.data)
    ucRxCnt                                  0x20000092   Data           1  jy62.o(.data)
    .data                                    0x20000094   Section       60  tasks.o(.data)
    pxDelayedTaskList                        0x20000098   Data           4  tasks.o(.data)
    pxOverflowDelayedTaskList                0x2000009c   Data           4  tasks.o(.data)
    uxDeletedTasksWaitingCleanUp             0x200000a0   Data           4  tasks.o(.data)
    uxCurrentNumberOfTasks                   0x200000a4   Data           4  tasks.o(.data)
    xTickCount                               0x200000a8   Data           4  tasks.o(.data)
    uxTopReadyPriority                       0x200000ac   Data           4  tasks.o(.data)
    xSchedulerRunning                        0x200000b0   Data           4  tasks.o(.data)
    uxPendedTicks                            0x200000b4   Data           4  tasks.o(.data)
    xYieldPending                            0x200000b8   Data           4  tasks.o(.data)
    xNumOfOverflows                          0x200000bc   Data           4  tasks.o(.data)
    uxTaskNumber                             0x200000c0   Data           4  tasks.o(.data)
    xNextTaskUnblockTime                     0x200000c4   Data           4  tasks.o(.data)
    xIdleTaskHandle                          0x200000c8   Data           4  tasks.o(.data)
    uxSchedulerSuspended                     0x200000cc   Data           4  tasks.o(.data)
    .data                                    0x200000d0   Section       20  timers.o(.data)
    pxCurrentTimerList                       0x200000d0   Data           4  timers.o(.data)
    pxOverflowTimerList                      0x200000d4   Data           4  timers.o(.data)
    xTimerQueue                              0x200000d8   Data           4  timers.o(.data)
    xTimerTaskHandle                         0x200000dc   Data           4  timers.o(.data)
    xLastTime                                0x200000e0   Data           4  timers.o(.data)
    .data                                    0x200000e4   Section       24  heap_4.o(.data)
    xStart                                   0x200000e4   Data           8  heap_4.o(.data)
    pxEnd                                    0x200000ec   Data           4  heap_4.o(.data)
    xFreeBytesRemaining                      0x200000f0   Data           4  heap_4.o(.data)
    xMinimumEverFreeBytesRemaining           0x200000f4   Data           4  heap_4.o(.data)
    xBlockAllocatedBit                       0x200000f8   Data           4  heap_4.o(.data)
    .data                                    0x200000fc   Section       12  port.o(.data)
    uxCriticalNesting                        0x200000fc   Data           4  port.o(.data)
    ucMaxSysCallPriority                     0x20000100   Data           1  port.o(.data)
    ulMaxPRIGROUPValue                       0x20000104   Data           4  port.o(.data)
    .data                                    0x20000108   Section        4  stdout.o(.data)
    .bss                                     0x2000010c   Section     1036  buffer.o(.bss)
    .bss                                     0x20000518   Section      506  jy62.o(.bss)
    ucRxBuffer                               0x20000618   Data         250  jy62.o(.bss)
    .bss                                     0x20000714   Section       80  queue.o(.bss)
    .bss                                     0x20000764   Section      740  tasks.o(.bss)
    pxReadyTasksLists                        0x20000764   Data         640  tasks.o(.bss)
    xDelayedTaskList1                        0x200009e4   Data          20  tasks.o(.bss)
    xDelayedTaskList2                        0x200009f8   Data          20  tasks.o(.bss)
    xPendingReadyList                        0x20000a0c   Data          20  tasks.o(.bss)
    xTasksWaitingTermination                 0x20000a20   Data          20  tasks.o(.bss)
    xSuspendedTaskList                       0x20000a34   Data          20  tasks.o(.bss)
    .bss                                     0x20000a48   Section       40  timers.o(.bss)
    xActiveTimerList1                        0x20000a48   Data          20  timers.o(.bss)
    xActiveTimerList2                        0x20000a5c   Data          20  timers.o(.bss)
    .bss                                     0x20000a70   Section    36864  heap_4.o(.bss)
    ucHeap                                   0x20000a70   Data       36864  heap_4.o(.bss)
    STACK                                    0x20009a70   Section     1024  startup_stm32f10x_hd.o(STACK)

    Global Symbols

    Symbol Name                              Value     Ov Type        Size  Object(Section)

    BuildAttributes$$THM_ISAv4$P$D$K$B$S$PE$A:L22UL41UL21$X:L11$S22US41US21$IEEE1$IW$USESV6$~STKCKD$USESV7$~SHL$OTIME$ROPI$EBA8$MICROLIB$REQ8$PRES8$EABIv2 0x00000000   Number         0  anon$$obj.o ABSOLUTE
    __ARM_use_no_argv                        0x00000000   Number         0  main.o ABSOLUTE
    _printf_a                                0x00000000   Number         0  stubs.o ABSOLUTE
    _printf_c                                0x00000000   Number         0  stubs.o ABSOLUTE
    _printf_charcount                        0x00000000   Number         0  stubs.o ABSOLUTE
    _printf_d                                0x00000000   Number         0  stubs.o ABSOLUTE
    _printf_e                                0x00000000   Number         0  stubs.o ABSOLUTE
    _printf_f                                0x00000000   Number         0  stubs.o ABSOLUTE
    _printf_flags                            0x00000000   Number         0  stubs.o ABSOLUTE
    _printf_fp_dec                           0x00000000   Number         0  stubs.o ABSOLUTE
    _printf_fp_hex                           0x00000000   Number         0  stubs.o ABSOLUTE
    _printf_g                                0x00000000   Number         0  stubs.o ABSOLUTE
    _printf_i                                0x00000000   Number         0  stubs.o ABSOLUTE
    _printf_int_dec                          0x00000000   Number         0  stubs.o ABSOLUTE
    _printf_l                                0x00000000   Number         0  stubs.o ABSOLUTE
    _printf_lc                               0x00000000   Number         0  stubs.o ABSOLUTE
    _printf_ll                               0x00000000   Number         0  stubs.o ABSOLUTE
    _printf_lld                              0x00000000   Number         0  stubs.o ABSOLUTE
    _printf_lli                              0x00000000   Number         0  stubs.o ABSOLUTE
    _printf_llo                              0x00000000   Number         0  stubs.o ABSOLUTE
    _printf_llu                              0x00000000   Number         0  stubs.o ABSOLUTE
    _printf_llx                              0x00000000   Number         0  stubs.o ABSOLUTE
    _printf_longlong_dec                     0x00000000   Number         0  stubs.o ABSOLUTE
    _printf_longlong_hex                     0x00000000   Number         0  stubs.o ABSOLUTE
    _printf_longlong_oct                     0x00000000   Number         0  stubs.o ABSOLUTE
    _printf_ls                               0x00000000   Number         0  stubs.o ABSOLUTE
    _printf_mbtowc                           0x00000000   Number         0  stubs.o ABSOLUTE
    _printf_n                                0x00000000   Number         0  stubs.o ABSOLUTE
    _printf_o                                0x00000000   Number         0  stubs.o ABSOLUTE
    _printf_p                                0x00000000   Number         0  stubs.o ABSOLUTE
    _printf_percent                          0x00000000   Number         0  stubs.o ABSOLUTE
    _printf_pre_padding                      0x00000000   Number         0  stubs.o ABSOLUTE
    _printf_return_value                     0x00000000   Number         0  stubs.o ABSOLUTE
    _printf_s                                0x00000000   Number         0  stubs.o ABSOLUTE
    _printf_sizespec                         0x00000000   Number         0  stubs.o ABSOLUTE
    _printf_str                              0x00000000   Number         0  stubs.o ABSOLUTE
    _printf_truncate_signed                  0x00000000   Number         0  stubs.o ABSOLUTE
    _printf_truncate_unsigned                0x00000000   Number         0  stubs.o ABSOLUTE
    _printf_u                                0x00000000   Number         0  stubs.o ABSOLUTE
    _printf_wc                               0x00000000   Number         0  stubs.o ABSOLUTE
    _printf_wctomb                           0x00000000   Number         0  stubs.o ABSOLUTE
    _printf_widthprec                        0x00000000   Number         0  stubs.o ABSOLUTE
    _printf_x                                0x00000000   Number         0  stubs.o ABSOLUTE
    __cpp_initialize__aeabi_                  - Undefined Weak Reference
    __cxa_finalize                            - Undefined Weak Reference
    __decompress                              - Undefined Weak Reference
    _clock_init                               - Undefined Weak Reference
    _microlib_exit                            - Undefined Weak Reference
    __Vectors_Size                           0x00000130   Number         0  startup_stm32f10x_hd.o ABSOLUTE
    __Vectors                                0x08000000   Data           4  startup_stm32f10x_hd.o(RESET)
    __Vectors_End                            0x08000130   Data           0  startup_stm32f10x_hd.o(RESET)
    __main                                   0x08000131   Thumb Code     0  entry.o(.ARM.Collect$$$$00000000)
    _main_stk                                0x08000131   Thumb Code     0  entry2.o(.ARM.Collect$$$$00000001)
    _main_scatterload                        0x08000135   Thumb Code     0  entry5.o(.ARM.Collect$$$$00000004)
    __main_after_scatterload                 0x08000139   Thumb Code     0  entry5.o(.ARM.Collect$$$$00000004)
    _main_clock                              0x08000139   Thumb Code     0  entry7b.o(.ARM.Collect$$$$00000008)
    _main_cpp_init                           0x08000139   Thumb Code     0  entry8b.o(.ARM.Collect$$$$0000000A)
    _main_init                               0x08000139   Thumb Code     0  entry9a.o(.ARM.Collect$$$$0000000B)
    __rt_final_cpp                           0x08000141   Thumb Code     0  entry10a.o(.ARM.Collect$$$$0000000D)
    __rt_final_exit                          0x08000141   Thumb Code     0  entry11a.o(.ARM.Collect$$$$0000000F)
    SVC_Handler                              0x08000145   Thumb Code    32  port.o(.emb_text)
    __asm___6_port_c_39a90d8d__prvStartFirstTask 0x08000169   Thumb Code    28  port.o(.emb_text)
    PendSV_Handler                           0x08000189   Thumb Code    72  port.o(.emb_text)
    vPortGetIPSR                             0x080001d5   Thumb Code     6  port.o(.emb_text)
    Reset_Handler                            0x080001dd   Thumb Code     8  startup_stm32f10x_hd.o(.text)
    ADC1_2_IRQHandler                        0x080001f7   Thumb Code     0  startup_stm32f10x_hd.o(.text)
    ADC3_IRQHandler                          0x080001f7   Thumb Code     0  startup_stm32f10x_hd.o(.text)
    CAN1_RX1_IRQHandler                      0x080001f7   Thumb Code     0  startup_stm32f10x_hd.o(.text)
    CAN1_SCE_IRQHandler                      0x080001f7   Thumb Code     0  startup_stm32f10x_hd.o(.text)
    DMA1_Channel1_IRQHandler                 0x080001f7   Thumb Code     0  startup_stm32f10x_hd.o(.text)
    DMA1_Channel2_IRQHandler                 0x080001f7   Thumb Code     0  startup_stm32f10x_hd.o(.text)
    DMA1_Channel3_IRQHandler                 0x080001f7   Thumb Code     0  startup_stm32f10x_hd.o(.text)
    DMA1_Channel4_IRQHandler                 0x080001f7   Thumb Code     0  startup_stm32f10x_hd.o(.text)
    DMA1_Channel5_IRQHandler                 0x080001f7   Thumb Code     0  startup_stm32f10x_hd.o(.text)
    DMA1_Channel6_IRQHandler                 0x080001f7   Thumb Code     0  startup_stm32f10x_hd.o(.text)
    DMA1_Channel7_IRQHandler                 0x080001f7   Thumb Code     0  startup_stm32f10x_hd.o(.text)
    DMA2_Channel1_IRQHandler                 0x080001f7   Thumb Code     0  startup_stm32f10x_hd.o(.text)
    DMA2_Channel2_IRQHandler                 0x080001f7   Thumb Code     0  startup_stm32f10x_hd.o(.text)
    DMA2_Channel3_IRQHandler                 0x080001f7   Thumb Code     0  startup_stm32f10x_hd.o(.text)
    DMA2_Channel4_5_IRQHandler               0x080001f7   Thumb Code     0  startup_stm32f10x_hd.o(.text)
    EXTI0_IRQHandler                         0x080001f7   Thumb Code     0  startup_stm32f10x_hd.o(.text)
    EXTI1_IRQHandler                         0x080001f7   Thumb Code     0  startup_stm32f10x_hd.o(.text)
    EXTI2_IRQHandler                         0x080001f7   Thumb Code     0  startup_stm32f10x_hd.o(.text)
    EXTI3_IRQHandler                         0x080001f7   Thumb Code     0  startup_stm32f10x_hd.o(.text)
    EXTI4_IRQHandler                         0x080001f7   Thumb Code     0  startup_stm32f10x_hd.o(.text)
    EXTI9_5_IRQHandler                       0x080001f7   Thumb Code     0  startup_stm32f10x_hd.o(.text)
    FLASH_IRQHandler                         0x080001f7   Thumb Code     0  startup_stm32f10x_hd.o(.text)
    FSMC_IRQHandler                          0x080001f7   Thumb Code     0  startup_stm32f10x_hd.o(.text)
    I2C1_ER_IRQHandler                       0x080001f7   Thumb Code     0  startup_stm32f10x_hd.o(.text)
    I2C1_EV_IRQHandler                       0x080001f7   Thumb Code     0  startup_stm32f10x_hd.o(.text)
    I2C2_ER_IRQHandler                       0x080001f7   Thumb Code     0  startup_stm32f10x_hd.o(.text)
    I2C2_EV_IRQHandler                       0x080001f7   Thumb Code     0  startup_stm32f10x_hd.o(.text)
    PVD_IRQHandler                           0x080001f7   Thumb Code     0  startup_stm32f10x_hd.o(.text)
    RCC_IRQHandler                           0x080001f7   Thumb Code     0  startup_stm32f10x_hd.o(.text)
    RTCAlarm_IRQHandler                      0x080001f7   Thumb Code     0  startup_stm32f10x_hd.o(.text)
    RTC_IRQHandler                           0x080001f7   Thumb Code     0  startup_stm32f10x_hd.o(.text)
    SDIO_IRQHandler                          0x080001f7   Thumb Code     0  startup_stm32f10x_hd.o(.text)
    SPI1_IRQHandler                          0x080001f7   Thumb Code     0  startup_stm32f10x_hd.o(.text)
    SPI2_IRQHandler                          0x080001f7   Thumb Code     0  startup_stm32f10x_hd.o(.text)
    SPI3_IRQHandler                          0x080001f7   Thumb Code     0  startup_stm32f10x_hd.o(.text)
    TAMPER_IRQHandler                        0x080001f7   Thumb Code     0  startup_stm32f10x_hd.o(.text)
    TIM1_BRK_IRQHandler                      0x080001f7   Thumb Code     0  startup_stm32f10x_hd.o(.text)
    TIM1_CC_IRQHandler                       0x080001f7   Thumb Code     0  startup_stm32f10x_hd.o(.text)
    TIM1_TRG_COM_IRQHandler                  0x080001f7   Thumb Code     0  startup_stm32f10x_hd.o(.text)
    TIM1_UP_IRQHandler                       0x080001f7   Thumb Code     0  startup_stm32f10x_hd.o(.text)
    TIM6_IRQHandler                          0x080001f7   Thumb Code     0  startup_stm32f10x_hd.o(.text)
    TIM8_BRK_IRQHandler                      0x080001f7   Thumb Code     0  startup_stm32f10x_hd.o(.text)
    TIM8_CC_IRQHandler                       0x080001f7   Thumb Code     0  startup_stm32f10x_hd.o(.text)
    TIM8_TRG_COM_IRQHandler                  0x080001f7   Thumb Code     0  startup_stm32f10x_hd.o(.text)
    TIM8_UP_IRQHandler                       0x080001f7   Thumb Code     0  startup_stm32f10x_hd.o(.text)
    UART5_IRQHandler                         0x080001f7   Thumb Code     0  startup_stm32f10x_hd.o(.text)
    USART3_IRQHandler                        0x080001f7   Thumb Code     0  startup_stm32f10x_hd.o(.text)
    USBWakeUp_IRQHandler                     0x080001f7   Thumb Code     0  startup_stm32f10x_hd.o(.text)
    USB_HP_CAN1_TX_IRQHandler                0x080001f7   Thumb Code     0  startup_stm32f10x_hd.o(.text)
    USB_LP_CAN1_RX0_IRQHandler               0x080001f7   Thumb Code     0  startup_stm32f10x_hd.o(.text)
    WWDG_IRQHandler                          0x080001f7   Thumb Code     0  startup_stm32f10x_hd.o(.text)
    SystemInit                               0x080002df   Thumb Code    78  system_stm32f10x.o(.text)
    SystemCoreClockUpdate                    0x0800032d   Thumb Code   142  system_stm32f10x.o(.text)
    NVIC_PriorityGroupConfig                 0x080003e1   Thumb Code    10  misc.o(.text)
    NVIC_Init                                0x080003eb   Thumb Code   100  misc.o(.text)
    NVIC_SetVectorTable                      0x0800044f   Thumb Code    14  misc.o(.text)
    NVIC_SystemLPConfig                      0x0800045d   Thumb Code    34  misc.o(.text)
    SysTick_CLKSourceConfig                  0x0800047f   Thumb Code    40  misc.o(.text)
    EXTI_DeInit                              0x080004bd   Thumb Code    28  stm32f10x_exti.o(.text)
    EXTI_Init                                0x080004d9   Thumb Code   142  stm32f10x_exti.o(.text)
    EXTI_StructInit                          0x08000567   Thumb Code    16  stm32f10x_exti.o(.text)
    EXTI_GenerateSWInterrupt                 0x08000577   Thumb Code    16  stm32f10x_exti.o(.text)
    EXTI_GetFlagStatus                       0x08000587   Thumb Code    22  stm32f10x_exti.o(.text)
    EXTI_ClearFlag                           0x0800059d   Thumb Code     8  stm32f10x_exti.o(.text)
    EXTI_GetITStatus                         0x080005a5   Thumb Code    34  stm32f10x_exti.o(.text)
    EXTI_ClearITPendingBit                   0x080005c7   Thumb Code     8  stm32f10x_exti.o(.text)
    GPIO_DeInit                              0x080005d9   Thumb Code   172  stm32f10x_gpio.o(.text)
    GPIO_AFIODeInit                          0x08000685   Thumb Code    20  stm32f10x_gpio.o(.text)
    GPIO_Init                                0x08000699   Thumb Code   278  stm32f10x_gpio.o(.text)
    GPIO_StructInit                          0x080007af   Thumb Code    16  stm32f10x_gpio.o(.text)
    GPIO_ReadInputDataBit                    0x080007bf   Thumb Code    18  stm32f10x_gpio.o(.text)
    GPIO_ReadInputData                       0x080007d1   Thumb Code     8  stm32f10x_gpio.o(.text)
    GPIO_ReadOutputDataBit                   0x080007d9   Thumb Code    18  stm32f10x_gpio.o(.text)
    GPIO_ReadOutputData                      0x080007eb   Thumb Code     8  stm32f10x_gpio.o(.text)
    GPIO_SetBits                             0x080007f3   Thumb Code     4  stm32f10x_gpio.o(.text)
    GPIO_ResetBits                           0x080007f7   Thumb Code     4  stm32f10x_gpio.o(.text)
    GPIO_WriteBit                            0x080007fb   Thumb Code    10  stm32f10x_gpio.o(.text)
    GPIO_Write                               0x08000805   Thumb Code     4  stm32f10x_gpio.o(.text)
    GPIO_PinLockConfig                       0x08000809   Thumb Code    18  stm32f10x_gpio.o(.text)
    GPIO_EventOutputConfig                   0x0800081b   Thumb Code    26  stm32f10x_gpio.o(.text)
    GPIO_EventOutputCmd                      0x08000835   Thumb Code     6  stm32f10x_gpio.o(.text)
    GPIO_PinRemapConfig                      0x0800083b   Thumb Code   138  stm32f10x_gpio.o(.text)
    GPIO_EXTILineConfig                      0x080008c5   Thumb Code    66  stm32f10x_gpio.o(.text)
    GPIO_ETH_MediaInterfaceConfig            0x08000907   Thumb Code     8  stm32f10x_gpio.o(.text)
    RCC_DeInit                               0x08000935   Thumb Code    64  stm32f10x_rcc.o(.text)
    RCC_HSEConfig                            0x08000975   Thumb Code    70  stm32f10x_rcc.o(.text)
    RCC_GetFlagStatus                        0x080009bb   Thumb Code    56  stm32f10x_rcc.o(.text)
    RCC_WaitForHSEStartUp                    0x080009f3   Thumb Code    56  stm32f10x_rcc.o(.text)
    RCC_AdjustHSICalibrationValue            0x08000a2b   Thumb Code    20  stm32f10x_rcc.o(.text)
    RCC_HSICmd                               0x08000a3f   Thumb Code     6  stm32f10x_rcc.o(.text)
    RCC_PLLConfig                            0x08000a45   Thumb Code    24  stm32f10x_rcc.o(.text)
    RCC_PLLCmd                               0x08000a5d   Thumb Code     6  stm32f10x_rcc.o(.text)
    RCC_SYSCLKConfig                         0x08000a63   Thumb Code    18  stm32f10x_rcc.o(.text)
    RCC_GetSYSCLKSource                      0x08000a75   Thumb Code    10  stm32f10x_rcc.o(.text)
    RCC_HCLKConfig                           0x08000a7f   Thumb Code    18  stm32f10x_rcc.o(.text)
    RCC_PCLK1Config                          0x08000a91   Thumb Code    18  stm32f10x_rcc.o(.text)
    RCC_PCLK2Config                          0x08000aa3   Thumb Code    20  stm32f10x_rcc.o(.text)
    RCC_ITConfig                             0x08000ab7   Thumb Code    26  stm32f10x_rcc.o(.text)
    RCC_USBCLKConfig                         0x08000ad1   Thumb Code     8  stm32f10x_rcc.o(.text)
    RCC_ADCCLKConfig                         0x08000ad9   Thumb Code    18  stm32f10x_rcc.o(.text)
    RCC_LSEConfig                            0x08000aeb   Thumb Code    50  stm32f10x_rcc.o(.text)
    RCC_LSICmd                               0x08000b1d   Thumb Code     6  stm32f10x_rcc.o(.text)
    RCC_RTCCLKConfig                         0x08000b23   Thumb Code    12  stm32f10x_rcc.o(.text)
    RCC_RTCCLKCmd                            0x08000b2f   Thumb Code     8  stm32f10x_rcc.o(.text)
    RCC_GetClocksFreq                        0x08000b37   Thumb Code   192  stm32f10x_rcc.o(.text)
    RCC_AHBPeriphClockCmd                    0x08000bf7   Thumb Code    26  stm32f10x_rcc.o(.text)
    RCC_APB2PeriphClockCmd                   0x08000c11   Thumb Code    26  stm32f10x_rcc.o(.text)
    RCC_APB1PeriphClockCmd                   0x08000c2b   Thumb Code    26  stm32f10x_rcc.o(.text)
    RCC_APB2PeriphResetCmd                   0x08000c45   Thumb Code    26  stm32f10x_rcc.o(.text)
    RCC_APB1PeriphResetCmd                   0x08000c5f   Thumb Code    26  stm32f10x_rcc.o(.text)
    RCC_BackupResetCmd                       0x08000c79   Thumb Code     8  stm32f10x_rcc.o(.text)
    RCC_ClockSecuritySystemCmd               0x08000c81   Thumb Code     6  stm32f10x_rcc.o(.text)
    RCC_MCOConfig                            0x08000c87   Thumb Code     6  stm32f10x_rcc.o(.text)
    RCC_ClearFlag                            0x08000c8d   Thumb Code    14  stm32f10x_rcc.o(.text)
    RCC_GetITStatus                          0x08000c9b   Thumb Code    20  stm32f10x_rcc.o(.text)
    RCC_ClearITPendingBit                    0x08000caf   Thumb Code     6  stm32f10x_rcc.o(.text)
    TIM_DeInit                               0x08000cd9   Thumb Code   424  stm32f10x_tim.o(.text)
    TIM_TimeBaseInit                         0x08000e81   Thumb Code   122  stm32f10x_tim.o(.text)
    TIM_OC1Init                              0x08000efb   Thumb Code   132  stm32f10x_tim.o(.text)
    TIM_OC2Init                              0x08000f7f   Thumb Code   154  stm32f10x_tim.o(.text)
    TIM_OC3Init                              0x08001019   Thumb Code   150  stm32f10x_tim.o(.text)
    TIM_OC4Init                              0x080010af   Thumb Code   182  stm32f10x_tim.o(.text)
    TIM_SetIC4Prescaler                      0x08001165   Thumb Code    26  stm32f10x_tim.o(.text)
    TIM_SetIC3Prescaler                      0x08001201   Thumb Code    18  stm32f10x_tim.o(.text)
    TIM_SetIC2Prescaler                      0x0800128d   Thumb Code    26  stm32f10x_tim.o(.text)
    TIM_SetIC1Prescaler                      0x08001329   Thumb Code    18  stm32f10x_tim.o(.text)
    TIM_ICInit                               0x080013a7   Thumb Code   150  stm32f10x_tim.o(.text)
    TIM_PWMIConfig                           0x0800143d   Thumb Code   124  stm32f10x_tim.o(.text)
    TIM_BDTRConfig                           0x080014b9   Thumb Code    32  stm32f10x_tim.o(.text)
    TIM_TimeBaseStructInit                   0x080014d9   Thumb Code    18  stm32f10x_tim.o(.text)
    TIM_OCStructInit                         0x080014eb   Thumb Code    20  stm32f10x_tim.o(.text)
    TIM_ICStructInit                         0x080014ff   Thumb Code    18  stm32f10x_tim.o(.text)
    TIM_BDTRStructInit                       0x08001511   Thumb Code    40  stm32f10x_tim.o(.text)
    TIM_Cmd                                  0x08001539   Thumb Code    24  stm32f10x_tim.o(.text)
    TIM_CtrlPWMOutputs                       0x08001551   Thumb Code    30  stm32f10x_tim.o(.text)
    TIM_ITConfig                             0x0800156f   Thumb Code    18  stm32f10x_tim.o(.text)
    TIM_GenerateEvent                        0x08001581   Thumb Code     4  stm32f10x_tim.o(.text)
    TIM_DMAConfig                            0x08001585   Thumb Code    10  stm32f10x_tim.o(.text)
    TIM_DMACmd                               0x0800158f   Thumb Code    18  stm32f10x_tim.o(.text)
    TIM_InternalClockConfig                  0x080015a1   Thumb Code    12  stm32f10x_tim.o(.text)
    TIM_SelectInputTrigger                   0x080015ad   Thumb Code    18  stm32f10x_tim.o(.text)
    TIM_ITRxExternalClockConfig              0x080015bf   Thumb Code    24  stm32f10x_tim.o(.text)
    TIM_TIxExternalClockConfig               0x080015d7   Thumb Code    62  stm32f10x_tim.o(.text)
    TIM_ETRConfig                            0x08001615   Thumb Code    28  stm32f10x_tim.o(.text)
    TIM_ETRClockMode1Config                  0x08001631   Thumb Code    54  stm32f10x_tim.o(.text)
    TIM_ETRClockMode2Config                  0x08001667   Thumb Code    32  stm32f10x_tim.o(.text)
    TIM_PrescalerConfig                      0x08001687   Thumb Code     6  stm32f10x_tim.o(.text)
    TIM_CounterModeConfig                    0x0800168d   Thumb Code    18  stm32f10x_tim.o(.text)
    TIM_EncoderInterfaceConfig               0x0800169f   Thumb Code    66  stm32f10x_tim.o(.text)
    TIM_ForcedOC1Config                      0x080016e1   Thumb Code    18  stm32f10x_tim.o(.text)
    TIM_ForcedOC2Config                      0x080016f3   Thumb Code    26  stm32f10x_tim.o(.text)
    TIM_ForcedOC3Config                      0x0800170d   Thumb Code    18  stm32f10x_tim.o(.text)
    TIM_ForcedOC4Config                      0x0800171f   Thumb Code    26  stm32f10x_tim.o(.text)
    TIM_ARRPreloadConfig                     0x08001739   Thumb Code    24  stm32f10x_tim.o(.text)
    TIM_SelectCOM                            0x08001751   Thumb Code    24  stm32f10x_tim.o(.text)
    TIM_SelectCCDMA                          0x08001769   Thumb Code    24  stm32f10x_tim.o(.text)
    TIM_CCPreloadControl                     0x08001781   Thumb Code    24  stm32f10x_tim.o(.text)
    TIM_OC1PreloadConfig                     0x08001799   Thumb Code    18  stm32f10x_tim.o(.text)
    TIM_OC2PreloadConfig                     0x080017ab   Thumb Code    26  stm32f10x_tim.o(.text)
    TIM_OC3PreloadConfig                     0x080017c5   Thumb Code    18  stm32f10x_tim.o(.text)
    TIM_OC4PreloadConfig                     0x080017d7   Thumb Code    26  stm32f10x_tim.o(.text)
    TIM_OC1FastConfig                        0x080017f1   Thumb Code    18  stm32f10x_tim.o(.text)
    TIM_OC2FastConfig                        0x08001803   Thumb Code    26  stm32f10x_tim.o(.text)
    TIM_OC3FastConfig                        0x0800181d   Thumb Code    18  stm32f10x_tim.o(.text)
    TIM_OC4FastConfig                        0x0800182f   Thumb Code    26  stm32f10x_tim.o(.text)
    TIM_ClearOC1Ref                          0x08001849   Thumb Code    18  stm32f10x_tim.o(.text)
    TIM_ClearOC2Ref                          0x0800185b   Thumb Code    24  stm32f10x_tim.o(.text)
    TIM_ClearOC3Ref                          0x08001873   Thumb Code    18  stm32f10x_tim.o(.text)
    TIM_ClearOC4Ref                          0x08001885   Thumb Code    24  stm32f10x_tim.o(.text)
    TIM_OC1PolarityConfig                    0x0800189d   Thumb Code    18  stm32f10x_tim.o(.text)
    TIM_OC1NPolarityConfig                   0x080018af   Thumb Code    18  stm32f10x_tim.o(.text)
    TIM_OC2PolarityConfig                    0x080018c1   Thumb Code    26  stm32f10x_tim.o(.text)
    TIM_OC2NPolarityConfig                   0x080018db   Thumb Code    26  stm32f10x_tim.o(.text)
    TIM_OC3PolarityConfig                    0x080018f5   Thumb Code    26  stm32f10x_tim.o(.text)
    TIM_OC3NPolarityConfig                   0x0800190f   Thumb Code    26  stm32f10x_tim.o(.text)
    TIM_OC4PolarityConfig                    0x08001929   Thumb Code    26  stm32f10x_tim.o(.text)
    TIM_CCxCmd                               0x08001943   Thumb Code    30  stm32f10x_tim.o(.text)
    TIM_CCxNCmd                              0x08001961   Thumb Code    30  stm32f10x_tim.o(.text)
    TIM_SelectOCxM                           0x0800197f   Thumb Code    82  stm32f10x_tim.o(.text)
    TIM_UpdateDisableConfig                  0x080019d1   Thumb Code    24  stm32f10x_tim.o(.text)
    TIM_UpdateRequestConfig                  0x080019e9   Thumb Code    24  stm32f10x_tim.o(.text)
    TIM_SelectHallSensor                     0x08001a01   Thumb Code    24  stm32f10x_tim.o(.text)
    TIM_SelectOnePulseMode                   0x08001a19   Thumb Code    18  stm32f10x_tim.o(.text)
    TIM_SelectOutputTrigger                  0x08001a2b   Thumb Code    18  stm32f10x_tim.o(.text)
    TIM_SelectSlaveMode                      0x08001a3d   Thumb Code    18  stm32f10x_tim.o(.text)
    TIM_SelectMasterSlaveMode                0x08001a4f   Thumb Code    18  stm32f10x_tim.o(.text)
    TIM_SetCounter                           0x08001a61   Thumb Code     4  stm32f10x_tim.o(.text)
    TIM_SetAutoreload                        0x08001a65   Thumb Code     4  stm32f10x_tim.o(.text)
    TIM_SetCompare1                          0x08001a69   Thumb Code     4  stm32f10x_tim.o(.text)
    TIM_SetCompare2                          0x08001a6d   Thumb Code     4  stm32f10x_tim.o(.text)
    TIM_SetCompare3                          0x08001a71   Thumb Code     4  stm32f10x_tim.o(.text)
    TIM_SetCompare4                          0x08001a75   Thumb Code     6  stm32f10x_tim.o(.text)
    TIM_SetClockDivision                     0x08001a7b   Thumb Code    18  stm32f10x_tim.o(.text)
    TIM_GetCapture1                          0x08001a8d   Thumb Code     6  stm32f10x_tim.o(.text)
    TIM_GetCapture2                          0x08001a93   Thumb Code     6  stm32f10x_tim.o(.text)
    TIM_GetCapture3                          0x08001a99   Thumb Code     6  stm32f10x_tim.o(.text)
    TIM_GetCapture4                          0x08001a9f   Thumb Code     8  stm32f10x_tim.o(.text)
    TIM_GetCounter                           0x08001aa7   Thumb Code     6  stm32f10x_tim.o(.text)
    TIM_GetPrescaler                         0x08001aad   Thumb Code     6  stm32f10x_tim.o(.text)
    TIM_GetFlagStatus                        0x08001ab3   Thumb Code    18  stm32f10x_tim.o(.text)
    TIM_ClearFlag                            0x08001ac5   Thumb Code     6  stm32f10x_tim.o(.text)
    TIM_GetITStatus                          0x08001acb   Thumb Code    34  stm32f10x_tim.o(.text)
    TIM_ClearITPendingBit                    0x08001aed   Thumb Code     6  stm32f10x_tim.o(.text)
    USART_DeInit                             0x08001af5   Thumb Code   134  stm32f10x_usart.o(.text)
    USART_Init                               0x08001b7b   Thumb Code   210  stm32f10x_usart.o(.text)
    USART_StructInit                         0x08001c4d   Thumb Code    24  stm32f10x_usart.o(.text)
    USART_ClockInit                          0x08001c65   Thumb Code    34  stm32f10x_usart.o(.text)
    USART_ClockStructInit                    0x08001c87   Thumb Code    12  stm32f10x_usart.o(.text)
    USART_Cmd                                0x08001c93   Thumb Code    24  stm32f10x_usart.o(.text)
    USART_ITConfig                           0x08001cab   Thumb Code    74  stm32f10x_usart.o(.text)
    USART_DMACmd                             0x08001cf5   Thumb Code    18  stm32f10x_usart.o(.text)
    USART_SetAddress                         0x08001d07   Thumb Code    18  stm32f10x_usart.o(.text)
    USART_WakeUpConfig                       0x08001d19   Thumb Code    18  stm32f10x_usart.o(.text)
    USART_ReceiverWakeUpCmd                  0x08001d2b   Thumb Code    24  stm32f10x_usart.o(.text)
    USART_LINBreakDetectLengthConfig         0x08001d43   Thumb Code    18  stm32f10x_usart.o(.text)
    USART_LINCmd                             0x08001d55   Thumb Code    24  stm32f10x_usart.o(.text)
    USART_SendData                           0x08001d6d   Thumb Code     8  stm32f10x_usart.o(.text)
    USART_ReceiveData                        0x08001d75   Thumb Code    10  stm32f10x_usart.o(.text)
    USART_SendBreak                          0x08001d7f   Thumb Code    10  stm32f10x_usart.o(.text)
    USART_SetGuardTime                       0x08001d89   Thumb Code    16  stm32f10x_usart.o(.text)
    USART_SetPrescaler                       0x08001d99   Thumb Code    16  stm32f10x_usart.o(.text)
    USART_SmartCardCmd                       0x08001da9   Thumb Code    24  stm32f10x_usart.o(.text)
    USART_SmartCardNACKCmd                   0x08001dc1   Thumb Code    24  stm32f10x_usart.o(.text)
    USART_HalfDuplexCmd                      0x08001dd9   Thumb Code    24  stm32f10x_usart.o(.text)
    USART_OverSampling8Cmd                   0x08001df1   Thumb Code    22  stm32f10x_usart.o(.text)
    USART_OneBitMethodCmd                    0x08001e07   Thumb Code    24  stm32f10x_usart.o(.text)
    USART_IrDAConfig                         0x08001e1f   Thumb Code    18  stm32f10x_usart.o(.text)
    USART_IrDACmd                            0x08001e31   Thumb Code    24  stm32f10x_usart.o(.text)
    USART_GetFlagStatus                      0x08001e49   Thumb Code    26  stm32f10x_usart.o(.text)
    USART_ClearFlag                          0x08001e63   Thumb Code    18  stm32f10x_usart.o(.text)
    USART_GetITStatus                        0x08001e75   Thumb Code    84  stm32f10x_usart.o(.text)
    USART_ClearITPendingBit                  0x08001ec9   Thumb Code    52  stm32f10x_usart.o(.text)
    main                                     0x080024f3   Thumb Code    50  main.o(.text)
    NMI_Handler                              0x0800254d   Thumb Code     2  stm32f10x_it.o(.text)
    HardFault_Handler                        0x0800254f   Thumb Code     4  stm32f10x_it.o(.text)
    MemManage_Handler                        0x08002553   Thumb Code     4  stm32f10x_it.o(.text)
    BusFault_Handler                         0x08002557   Thumb Code     4  stm32f10x_it.o(.text)
    UsageFault_Handler                       0x0800255b   Thumb Code     4  stm32f10x_it.o(.text)
    DebugMon_Handler                         0x0800255f   Thumb Code     2  stm32f10x_it.o(.text)
    SysTick_Handler                          0x08002561   Thumb Code    16  stm32f10x_it.o(.text)
    LED_GPIO_Config                          0x08002571   Thumb Code    38  bsp_led.o(.text)
    KEY_ONE                                  0x08002597   Thumb Code    60  bsp_led.o(.text)
    Buzzer_ONE                               0x080025d3   Thumb Code    38  bsp_led.o(.text)
    Buzzer_TWO                               0x080025f9   Thumb Code    38  bsp_led.o(.text)
    TIMX_Delay_Init                          0x0800262d   Thumb Code    54  delay.o(.text)
    Delayus                                  0x08002663   Thumb Code    38  delay.o(.text)
    Delayms                                  0x08002689   Thumb Code    24  delay.o(.text)
    PWM_TIM1_config                          0x080026a5   Thumb Code   260  pwm.o(.text)
    PWM_TIM8_config                          0x080027a9   Thumb Code   252  pwm.o(.text)
    SetCompare1                              0x080028a5   Thumb Code    78  pwm.o(.text)
    ControledMonitor                         0x080028f3   Thumb Code    88  pwm.o(.text)
    Control_PIN                              0x0800298d   Thumb Code    40  driver.o(.text)
    Initial_Control_PIN                      0x080029b5   Thumb Code    34  driver.o(.text)
    Advance                                  0x080029d7   Thumb Code   108  driver.o(.text)
    Back                                     0x08002a43   Thumb Code   108  driver.o(.text)
    PULL_High                                0x08002aaf   Thumb Code    76  driver.o(.text)
    PULL_Low                                 0x08002afb   Thumb Code    76  driver.o(.text)
    USART1_Config                            0x08002b7b   Thumb Code   136  usart.o(.text)
    USART1_IRQHandler                        0x08002c03   Thumb Code    20  usart.o(.text)
    USART2_Config                            0x08002c41   Thumb Code   132  usart.o(.text)
    USART2_IRQHandler                        0x08002cc5   Thumb Code    42  usart.o(.text)
    Usart_SendByte                           0x08002cef   Thumb Code    30  usart.o(.text)
    VOFA_Send_float                          0x08002d0d   Thumb Code    78  usart.o(.text)
    Usart_SendArray                          0x08002d5b   Thumb Code    48  usart.o(.text)
    Usart_SendString                         0x08002d8b   Thumb Code    42  usart.o(.text)
    Usart_SendHalfWord                       0x08002db5   Thumb Code    60  usart.o(.text)
    fputc                                    0x08002df1   Thumb Code    32  usart.o(.text)
    fgetc                                    0x08002e11   Thumb Code    26  usart.o(.text)
    Software_USART_TXD                       0x08002e49   Thumb Code   102  software_usart.o(.text)
    USART_Send                               0x08002eaf   Thumb Code    26  software_usart.o(.text)
    Software_USART_IOConfig                  0x08002ec9   Thumb Code   142  software_usart.o(.text)
    TIM7_Int_Init                            0x08002f57   Thumb Code    90  software_usart.o(.text)
    EXTI15_10_IRQHandler                     0x08002fb1   Thumb Code    56  software_usart.o(.text)
    TIM7_IRQHandler                          0x08002fe9   Thumb Code   116  software_usart.o(.text)
    Iinitial_BUFF                            0x08003071   Thumb Code    66  buffer.o(.text)
    Write_BUFF                               0x080030b3   Thumb Code    60  buffer.o(.text)
    Check_Buffer                             0x080030ef   Thumb Code    24  buffer.o(.text)
    Read_BUFF                                0x08003107   Thumb Code    66  buffer.o(.text)
    Find_Char                                0x08003149   Thumb Code    92  buffer.o(.text)
    Read_Data                                0x080031a5   Thumb Code   102  buffer.o(.text)
    Read_buff                                0x0800320b   Thumb Code   126  buffer.o(.text)
    Read_buff_Void                           0x08003289   Thumb Code   494  buffer.o(.text)
    USART4_Config_JY62                       0x080034a3   Thumb Code   136  jy62.o(.text)
    CopeSerial2Data                          0x0800352b   Thumb Code   118  jy62.o(.text)
    UART4_IRQHandler                         0x080035a1   Thumb Code   118  jy62.o(.text)
    UART2_Put_Char                           0x08003617   Thumb Code    34  jy62.o(.text)
    sendcmd                                  0x08003639   Thumb Code    24  jy62.o(.text)
    OLED_SHOW_TASK                           0x08003679   Thumb Code     2  sys.o(.text)
    Encoder_Init_TIM2                        0x0800367d   Thumb Code   238  encoder.o(.text)
    Encoder_Init                             0x08003991   Thumb Code    20  encoder.o(.text)
    TIM2_IRQHandler                          0x080039a5   Thumb Code    24  encoder.o(.text)
    TIM3_IRQHandler                          0x080039bd   Thumb Code    24  encoder.o(.text)
    TIM4_IRQHandler                          0x080039d5   Thumb Code    24  encoder.o(.text)
    TIM5_IRQHandler                          0x080039ed   Thumb Code    24  encoder.o(.text)
    Read_Encoder                             0x08003a05   Thumb Code   100  encoder.o(.text)
    xEventGroupCreate                        0x08003a89   Thumb Code    26  event_groups.o(.text)
    xEventGroupSetBits                       0x08003aa3   Thumb Code   186  event_groups.o(.text)
    xEventGroupSync                          0x08003b5d   Thumb Code   228  event_groups.o(.text)
    xEventGroupWaitBits                      0x08003c5f   Thumb Code   294  event_groups.o(.text)
    xEventGroupClearBits                     0x08003d85   Thumb Code    72  event_groups.o(.text)
    xEventGroupGetBitsFromISR                0x08003dcd   Thumb Code    44  event_groups.o(.text)
    vEventGroupDelete                        0x08003df9   Thumb Code    72  event_groups.o(.text)
    vEventGroupSetBitsCallback               0x08003e41   Thumb Code    16  event_groups.o(.text)
    vEventGroupClearBitsCallback             0x08003e51   Thumb Code    16  event_groups.o(.text)
    vListInitialise                          0x08003e99   Thumb Code    26  list.o(.text)
    vListInitialiseItem                      0x08003eb3   Thumb Code     6  list.o(.text)
    vListInsertEnd                           0x08003eb9   Thumb Code    24  list.o(.text)
    vListInsert                              0x08003ed1   Thumb Code    52  list.o(.text)
    uxListRemove                             0x08003f05   Thumb Code    40  list.o(.text)
    xQueueGenericReset                       0x08003f2d   Thumb Code   136  queue.o(.text)
    xQueueGenericCreate                      0x08003fdb   Thumb Code    78  queue.o(.text)
    xQueueGenericSend                        0x0800412f   Thumb Code   380  queue.o(.text)
    xQueueGenericSendFromISR                 0x080042ab   Thumb Code   268  queue.o(.text)
    xQueueGiveFromISR                        0x080043b7   Thumb Code   206  queue.o(.text)
    xQueueGenericReceive                     0x080044c9   Thumb Code   398  queue.o(.text)
    xQueueReceiveFromISR                     0x08004657   Thumb Code   190  queue.o(.text)
    xQueuePeekFromISR                        0x08004715   Thumb Code   158  queue.o(.text)
    uxQueueMessagesWaiting                   0x080047b3   Thumb Code    36  queue.o(.text)
    uxQueueSpacesAvailable                   0x080047d7   Thumb Code    42  queue.o(.text)
    uxQueueMessagesWaitingFromISR            0x08004801   Thumb Code    28  queue.o(.text)
    vQueueUnregisterQueue                    0x0800481d   Thumb Code    44  queue.o(.text)
    vQueueDelete                             0x08004849   Thumb Code    38  queue.o(.text)
    xQueueIsQueueEmptyFromISR                0x0800486f   Thumb Code    36  queue.o(.text)
    xQueueIsQueueFullFromISR                 0x08004893   Thumb Code    40  queue.o(.text)
    vQueueAddToRegistry                      0x080048bb   Thumb Code    38  queue.o(.text)
    pcQueueGetName                           0x080048e1   Thumb Code    38  queue.o(.text)
    vQueueWaitForMessageRestricted           0x08004907   Thumb Code    82  queue.o(.text)
    xTaskCreate                              0x08004acf   Thumb Code    96  tasks.o(.text)
    vTaskDelete                              0x08004b6b   Thumb Code   192  tasks.o(.text)
    xTaskIncrementTick                       0x08004c2b   Thumb Code   272  tasks.o(.text)
    xTaskResumeAll                           0x08004d3b   Thumb Code   344  tasks.o(.text)
    vTaskSuspendAll                          0x08004f0f   Thumb Code    12  tasks.o(.text)
    vTaskDelayUntil                          0x08004f1b   Thumb Code   182  tasks.o(.text)
    vTaskDelay                               0x08004fd1   Thumb Code    76  tasks.o(.text)
    eTaskGetState                            0x0800501d   Thumb Code   106  tasks.o(.text)
    uxTaskPriorityGet                        0x08005087   Thumb Code    30  tasks.o(.text)
    uxTaskPriorityGetFromISR                 0x080050a5   Thumb Code    62  tasks.o(.text)
    vTaskPrioritySet                         0x080050e3   Thumb Code   306  tasks.o(.text)
    vTaskSwitchContext                       0x08005215   Thumb Code   114  tasks.o(.text)
    vTaskSuspend                             0x08005287   Thumb Code   190  tasks.o(.text)
    vTaskResume                              0x08005391   Thumb Code   122  tasks.o(.text)
    xTaskResumeFromISR                       0x0800540b   Thumb Code   152  tasks.o(.text)
    vTaskStartScheduler                      0x08005519   Thumb Code   112  tasks.o(.text)
    vTaskEndScheduler                        0x08005589   Thumb Code    32  tasks.o(.text)
    xTaskGetTickCount                        0x080055a9   Thumb Code     6  tasks.o(.text)
    xTaskGetTickCountFromISR                 0x080055af   Thumb Code    16  tasks.o(.text)
    uxTaskGetNumberOfTasks                   0x080055bf   Thumb Code     6  tasks.o(.text)
    pcTaskGetName                            0x080055c5   Thumb Code    40  tasks.o(.text)
    vTaskPlaceOnEventList                    0x080055ed   Thumb Code   122  tasks.o(.text)
    vTaskPlaceOnUnorderedEventList           0x08005667   Thumb Code    88  tasks.o(.text)
    vTaskPlaceOnEventListRestricted          0x080056bf   Thumb Code    54  tasks.o(.text)
    xTaskRemoveFromEventList                 0x080056f5   Thumb Code   122  tasks.o(.text)
    xTaskRemoveFromUnorderedEventList        0x0800576f   Thumb Code   142  tasks.o(.text)
    vTaskSetTimeOutState                     0x080057fd   Thumb Code    36  tasks.o(.text)
    xTaskCheckForTimeOut                     0x08005821   Thumb Code   124  tasks.o(.text)
    vTaskMissedYield                         0x0800589d   Thumb Code     8  tasks.o(.text)
    xTaskGetSchedulerState                   0x080058a5   Thumb Code    24  tasks.o(.text)
    uxTaskResetEventItemValue                0x080058bd   Thumb Code    24  tasks.o(.text)
    ulTaskNotifyTake                         0x080058d5   Thumb Code   108  tasks.o(.text)
    xTaskNotifyWait                          0x08005941   Thumb Code   150  tasks.o(.text)
    xTaskGenericNotify                       0x080059d7   Thumb Code   272  tasks.o(.text)
    xTaskGenericNotifyFromISR                0x08005ae7   Thumb Code   286  tasks.o(.text)
    vTaskNotifyGiveFromISR                   0x08005c05   Thumb Code   204  tasks.o(.text)
    xTaskNotifyStateClear                    0x08005cd1   Thumb Code    48  tasks.o(.text)
    xTimerGenericCommand                     0x08005d6d   Thumb Code   116  timers.o(.text)
    xTimerCreateTimerTask                    0x080060b3   Thumb Code    56  timers.o(.text)
    xTimerCreate                             0x08006191   Thumb Code    48  timers.o(.text)
    xTimerGetTimerDaemonTaskHandle           0x080061c1   Thumb Code    38  timers.o(.text)
    xTimerGetPeriod                          0x080061e7   Thumb Code    28  timers.o(.text)
    xTimerGetExpiryTime                      0x08006203   Thumb Code    30  timers.o(.text)
    pcTimerGetName                           0x08006221   Thumb Code    28  timers.o(.text)
    xTimerIsTimerActive                      0x0800623d   Thumb Code    50  timers.o(.text)
    pvTimerGetTimerID                        0x0800626f   Thumb Code    38  timers.o(.text)
    vTimerSetTimerID                         0x08006295   Thumb Code    38  timers.o(.text)
    pvPortMalloc                             0x08006383   Thumb Code   262  heap_4.o(.text)
    vPortFree                                0x08006489   Thumb Code   120  heap_4.o(.text)
    xPortGetFreeHeapSize                     0x08006501   Thumb Code     6  heap_4.o(.text)
    xPortGetMinimumEverFreeHeapSize          0x08006507   Thumb Code     6  heap_4.o(.text)
    vPortInitialiseBlocks                    0x0800650d   Thumb Code     2  heap_4.o(.text)
    pxPortInitialiseStack                    0x08006591   Thumb Code    30  port.o(.text)
    vPortSetupTimerInterrupt                 0x080065af   Thumb Code    26  port.o(.text)
    xPortStartScheduler                      0x080065c9   Thumb Code   140  port.o(.text)
    vPortEndScheduler                        0x08006655   Thumb Code    34  port.o(.text)
    vPortEnterCritical                       0x08006677   Thumb Code    70  port.o(.text)
    vPortExitCritical                        0x080066bd   Thumb Code    48  port.o(.text)
    xPortSysTickHandler                      0x080066ed   Thumb Code    48  port.o(.text)
    vPortValidateInterruptPriority           0x0800671d   Thumb Code    88  port.o(.text)
    __aeabi_memcpy                           0x080067c9   Thumb Code    36  memcpya.o(.text)
    __aeabi_memcpy4                          0x080067c9   Thumb Code     0  memcpya.o(.text)
    __aeabi_memcpy8                          0x080067c9   Thumb Code     0  memcpya.o(.text)
    strlen                                   0x080067ed   Thumb Code    14  strlen.o(.text)
    __aeabi_uldivmod                         0x080067fb   Thumb Code    98  uldiv.o(.text)
    __scatterload                            0x0800685d   Thumb Code    28  init.o(.text)
    __scatterload_rt2                        0x0800685d   Thumb Code     0  init.o(.text)
    __aeabi_llsl                             0x08006881   Thumb Code    30  llshl.o(.text)
    _ll_shift_l                              0x08006881   Thumb Code     0  llshl.o(.text)
    __aeabi_llsr                             0x0800689f   Thumb Code    32  llushr.o(.text)
    _ll_ushift_r                             0x0800689f   Thumb Code     0  llushr.o(.text)
    __0printf$5                              0x080068c1   Thumb Code    22  printf5.o(i.__0printf$5)
    __1printf$5                              0x080068c1   Thumb Code     0  printf5.o(i.__0printf$5)
    __2printf                                0x080068c1   Thumb Code     0  printf5.o(i.__0printf$5)
    __scatterload_copy                       0x080068e1   Thumb Code    14  handlers.o(i.__scatterload_copy)
    __scatterload_null                       0x080068ef   Thumb Code     2  handlers.o(i.__scatterload_null)
    __scatterload_zeroinit                   0x080068f1   Thumb Code    14  handlers.o(i.__scatterload_zeroinit)
    Region$$Table$$Base                      0x08006bd0   Number         0  anon$$obj.o(Region$$Table)
    Region$$Table$$Limit                     0x08006bf0   Number         0  anon$$obj.o(Region$$Table)
    SystemCoreClock                          0x20000000   Data           4  system_stm32f10x.o(.data)
    AHBPrescTable                            0x20000004   Data          16  system_stm32f10x.o(.data)
    Task_Number_Handle                       0x20000028   Data           4  main.o(.data)
    Angle_X                                  0x2000005c   Data           4  main.o(.data)
    Angle_Y                                  0x20000060   Data           4  main.o(.data)
    Angle_Z                                  0x20000064   Data           4  main.o(.data)
    X_Y                                      0x20000068   Data           2  main.o(.data)
    buff_usart2                              0x2000006c   Data           1  usart.o(.data)
    FloatLongType                            0x20000070   Data           4  usart.o(.data)
    len                                      0x20000074   Data           1  software_usart.o(.data)
    recvStat                                 0x20000075   Data           1  software_usart.o(.data)
    recvData                                 0x20000076   Data           1  software_usart.o(.data)
    TxCounter                                0x20000078   Data           1  jy62.o(.data)
    count1                                   0x20000079   Data           1  jy62.o(.data)
    stcAcc                                   0x2000007a   Data           8  jy62.o(.data)
    stcGyro                                  0x20000082   Data           8  jy62.o(.data)
    stcAngle                                 0x2000008a   Data           8  jy62.o(.data)
    pxCurrentTCB                             0x20000094   Data           4  tasks.o(.data)
    __stdout                                 0x20000108   Data           4  stdout.o(.data)
    U3_buffer                                0x2000010c   Data         148  buffer.o(.bss)
    U2_buffer                                0x200001a0   Data         148  buffer.o(.bss)
    Soft_Usart                               0x20000234   Data         148  buffer.o(.bss)
    U1_buffer                                0x200002c8   Data         148  buffer.o(.bss)
    U4_buffer                                0x2000035c   Data         148  buffer.o(.bss)
    U5_buffer                                0x200003f0   Data         148  buffer.o(.bss)
    IIC_buff                                 0x20000484   Data         148  buffer.o(.bss)
    TxBuffer                                 0x20000518   Data         256  jy62.o(.bss)
    xQueueRegistry                           0x20000714   Data          80  queue.o(.bss)
    __initial_sp                             0x20009e70   Data           0  startup_stm32f10x_hd.o(STACK)



==============================================================================

Memory Map of the image

  Image Entry point : 0x08000131

  Load Region LR_IROM1 (Base: 0x08000000, Size: 0x00006cfc, Max: 0x00080000, ABSOLUTE)

    Execution Region ER_IROM1 (Exec base: 0x08000000, Load base: 0x08000000, Size: 0x00006bf0, Max: 0x00080000, ABSOLUTE)

    Exec Addr    Load Addr    Size         Type   Attr      Idx    E Section Name        Object

    0x08000000   0x08000000   0x00000130   Data   RO            3    RESET               startup_stm32f10x_hd.o
    0x08000130   0x08000130   0x00000000   Code   RO         1042  * .ARM.Collect$$$$00000000  mc_w.l(entry.o)
    0x08000130   0x08000130   0x00000004   Code   RO         1324    .ARM.Collect$$$$00000001  mc_w.l(entry2.o)
    0x08000134   0x08000134   0x00000004   Code   RO         1327    .ARM.Collect$$$$00000004  mc_w.l(entry5.o)
    0x08000138   0x08000138   0x00000000   Code   RO         1329    .ARM.Collect$$$$00000008  mc_w.l(entry7b.o)
    0x08000138   0x08000138   0x00000000   Code   RO         1331    .ARM.Collect$$$$0000000A  mc_w.l(entry8b.o)
    0x08000138   0x08000138   0x00000008   Code   RO         1332    .ARM.Collect$$$$0000000B  mc_w.l(entry9a.o)
    0x08000140   0x08000140   0x00000000   Code   RO         1334    .ARM.Collect$$$$0000000D  mc_w.l(entry10a.o)
    0x08000140   0x08000140   0x00000000   Code   RO         1336    .ARM.Collect$$$$0000000F  mc_w.l(entry11a.o)
    0x08000140   0x08000140   0x00000004   Code   RO         1325    .ARM.Collect$$$$00002712  mc_w.l(entry2.o)
    0x08000144   0x08000144   0x00000096   Code   RO         1003    .emb_text           port.o
    0x080001da   0x080001da   0x00000002   PAD
    0x080001dc   0x080001dc   0x00000024   Code   RO            4    .text               startup_stm32f10x_hd.o
    0x08000200   0x08000200   0x000001e0   Code   RO           24    .text               system_stm32f10x.o
    0x080003e0   0x080003e0   0x000000dc   Code   RO          121    .text               misc.o
    0x080004bc   0x080004bc   0x0000011c   Code   RO          233    .text               stm32f10x_exti.o
    0x080005d8   0x080005d8   0x0000035c   Code   RO          269    .text               stm32f10x_gpio.o
    0x08000934   0x08000934   0x000003a4   Code   RO          317    .text               stm32f10x_rcc.o
    0x08000cd8   0x08000cd8   0x00000e1a   Code   RO          367    .text               stm32f10x_tim.o
    0x08001af2   0x08001af2   0x00000002   PAD
    0x08001af4   0x08001af4   0x00000408   Code   RO          379    .text               stm32f10x_usart.o
    0x08001efc   0x08001efc   0x00000650   Code   RO          403    .text               main.o
    0x0800254c   0x0800254c   0x00000024   Code   RO          527    .text               stm32f10x_it.o
    0x08002570   0x08002570   0x000000bc   Code   RO          542    .text               bsp_led.o
    0x0800262c   0x0800262c   0x00000078   Code   RO          563    .text               delay.o
    0x080026a4   0x080026a4   0x000002e8   Code   RO          587    .text               pwm.o
    0x0800298c   0x0800298c   0x000001c4   Code   RO          603    .text               driver.o
    0x08002b50   0x08002b50   0x000002f8   Code   RO          619    .text               usart.o
    0x08002e48   0x08002e48   0x00000228   Code   RO          634    .text               software_usart.o
    0x08003070   0x08003070   0x00000406   Code   RO          669    .text               buffer.o
    0x08003476   0x08003476   0x00000002   PAD
    0x08003478   0x08003478   0x00000200   Code   RO          740    .text               jy62.o
    0x08003678   0x08003678   0x00000002   Code   RO          760    .text               sys.o
    0x0800367a   0x0800367a   0x00000002   PAD
    0x0800367c   0x0800367c   0x0000040c   Code   RO          791    .text               encoder.o
    0x08003a88   0x08003a88   0x00000410   Code   RO          872    .text               event_groups.o
    0x08003e98   0x08003e98   0x00000094   Code   RO          912    .text               list.o
    0x08003f2c   0x08003f2c   0x00000a2c   Code   RO          924    .text               queue.o
    0x08004958   0x08004958   0x000013c4   Code   RO          942    .text               tasks.o
    0x08005d1c   0x08005d1c   0x000005a4   Code   RO          973    .text               timers.o
    0x080062c0   0x080062c0   0x000002a0   Code   RO          988    .text               heap_4.o
    0x08006560   0x08006560   0x00000268   Code   RO         1004    .text               port.o
    0x080067c8   0x080067c8   0x00000024   Code   RO         1045    .text               mc_w.l(memcpya.o)
    0x080067ec   0x080067ec   0x0000000e   Code   RO         1047    .text               mc_w.l(strlen.o)
    0x080067fa   0x080067fa   0x00000062   Code   RO         1341    .text               mc_w.l(uldiv.o)
    0x0800685c   0x0800685c   0x00000024   Code   RO         1356    .text               mc_w.l(init.o)
    0x08006880   0x08006880   0x0000001e   Code   RO         1358    .text               mc_w.l(llshl.o)
    0x0800689e   0x0800689e   0x00000020   Code   RO         1360    .text               mc_w.l(llushr.o)
    0x080068be   0x080068be   0x00000002   PAD
    0x080068c0   0x080068c0   0x00000020   Code   RO         1184    i.__0printf$5       mc_w.l(printf5.o)
    0x080068e0   0x080068e0   0x0000000e   Code   RO         1368    i.__scatterload_copy  mc_w.l(handlers.o)
    0x080068ee   0x080068ee   0x00000002   Code   RO         1369    i.__scatterload_null  mc_w.l(handlers.o)
    0x080068f0   0x080068f0   0x0000000e   Code   RO         1370    i.__scatterload_zeroinit  mc_w.l(handlers.o)
    0x080068fe   0x080068fe   0x00000002   PAD
    0x08006900   0x08006900   0x000002c0   Code   RO         1191    i._printf_core      mc_w.l(printf5.o)
    0x08006bc0   0x08006bc0   0x00000010   Data   RO          604    .constdata          driver.o
    0x08006bd0   0x08006bd0   0x00000020   Data   RO         1366    Region$$Table       anon$$obj.o


    Execution Region RW_IRAM1 (Exec base: 0x20000000, Load base: 0x08006bf0, Size: 0x00009e70, Max: 0x00010000, ABSOLUTE)

    Exec Addr    Load Addr    Size         Type   Attr      Idx    E Section Name        Object

    0x20000000   0x08006bf0   0x00000014   Data   RW           25    .data               system_stm32f10x.o
    0x20000014   0x08006c04   0x00000014   Data   RW          318    .data               stm32f10x_rcc.o
    0x20000028   0x08006c18   0x00000044   Data   RW          405    .data               main.o
    0x2000006c   0x08006c5c   0x00000008   Data   RW          620    .data               usart.o
    0x20000074   0x08006c64   0x00000003   Data   RW          635    .data               software_usart.o
    0x20000077   0x08006c67   0x00000001   PAD
    0x20000078   0x08006c68   0x0000001b   Data   RW          743    .data               jy62.o
    0x20000093   0x08006c83   0x00000001   PAD
    0x20000094   0x08006c84   0x0000003c   Data   RW          944    .data               tasks.o
    0x200000d0   0x08006cc0   0x00000014   Data   RW          975    .data               timers.o
    0x200000e4   0x08006cd4   0x00000018   Data   RW          990    .data               heap_4.o
    0x200000fc   0x08006cec   0x0000000c   Data   RW         1005    .data               port.o
    0x20000108   0x08006cf8   0x00000004   Data   RW         1338    .data               mc_w.l(stdout.o)
    0x2000010c        -       0x0000040c   Zero   RW          670    .bss                buffer.o
    0x20000518        -       0x000001fa   Zero   RW          741    .bss                jy62.o
    0x20000712   0x08006cfc   0x00000002   PAD
    0x20000714        -       0x00000050   Zero   RW          925    .bss                queue.o
    0x20000764        -       0x000002e4   Zero   RW          943    .bss                tasks.o
    0x20000a48        -       0x00000028   Zero   RW          974    .bss                timers.o
    0x20000a70        -       0x00009000   Zero   RW          989    .bss                heap_4.o
    0x20009a70        -       0x00000400   Zero   RW            1    STACK               startup_stm32f10x_hd.o


==============================================================================

Image component sizes


      Code (inc. data)   RO Data    RW Data    ZI Data      Debug   Object Name

       188         14          0          0          0       1036   bsp_led.o
      1030          4          0          0       1036       5551   buffer.o
         0          0          0          0          0       4508   core_cm3.o
       120          4          0          0          0       1474   delay.o
       452         10         16          0          0       1898   driver.o
      1036         32          0          0          0       2730   encoder.o
      1040         56          0          0          0      16244   event_groups.o
       672         82          0         24      36864       3464   heap_4.o
       512         40          0         27        506       3291   jy62.o
       148          0          0          0          0       1990   list.o
      1616        400          0         68          0      21027   main.o
       220         22          0          0          0       1941   misc.o
       766         96          0         12          0       7983   port.o
       744         66          0          0          0       3855   pwm.o
      2604         56          0          0         80      12455   queue.o
       552         20          0          3          0      18161   software_usart.o
        36          8        304          0       1024        916   startup_stm32f10x_hd.o
       284         10          0          0          0       2395   stm32f10x_exti.o
       860         38          0          0          0       5869   stm32f10x_gpio.o
        36          0          0          0          0       1179   stm32f10x_it.o
       932         36          0         20          0       9108   stm32f10x_rcc.o
      3610         88          0          0          0      22980   stm32f10x_tim.o
      1032         22          0          0          0       8596   stm32f10x_usart.o
         2          0          0          0          0        469   sys.o
       480         38          0         20          0     253087   system_stm32f10x.o
      5060        344          0         60        740      28500   tasks.o
      1444        114          0         20         40       8003   timers.o
       760         30          0          8          0       4221   usart.o

    ----------------------------------------------------------------------
     26244       1630        352        264      40292     452931   Object Totals
         0          0         32          0          0          0   (incl. Generated)
         8          0          0          2          2          0   (incl. Padding)

    ----------------------------------------------------------------------

      Code (inc. data)   RO Data    RW Data    ZI Data      Debug   Library Member Name

         0          0          0          0          0          0   entry.o
         0          0          0          0          0          0   entry10a.o
         0          0          0          0          0          0   entry11a.o
         8          4          0          0          0          0   entry2.o
         4          0          0          0          0          0   entry5.o
         0          0          0          0          0          0   entry7b.o
         0          0          0          0          0          0   entry8b.o
         8          4          0          0          0          0   entry9a.o
        30          0          0          0          0          0   handlers.o
        36          8          0          0          0         68   init.o
        30          0          0          0          0         68   llshl.o
        32          0          0          0          0         68   llushr.o
        36          0          0          0          0         68   memcpya.o
       736         56          0          0          0        184   printf5.o
         0          0          0          4          0          0   stdout.o
        14          0          0          0          0         68   strlen.o
        98          0          0          0          0         92   uldiv.o

    ----------------------------------------------------------------------
      1036         72          0          4          0        616   Library Totals
         4          0          0          0          0          0   (incl. Padding)

    ----------------------------------------------------------------------

      Code (inc. data)   RO Data    RW Data    ZI Data      Debug   Library Name

      1032         72          0          4          0        616   mc_w.l

    ----------------------------------------------------------------------
      1036         72          0          4          0        616   Library Totals

    ----------------------------------------------------------------------

==============================================================================


      Code (inc. data)   RO Data    RW Data    ZI Data      Debug   

     27280       1702        352        268      40292     451099   Grand Totals
     27280       1702        352        268      40292     451099   ELF Image Totals
     27280       1702        352        268          0          0   ROM Totals

==============================================================================

    Total RO  Size (Code + RO Data)                27632 (  26.98kB)
    Total RW  Size (RW Data + ZI Data)             40560 (  39.61kB)
    Total ROM Size (Code + RO Data + RW Data)      27900 (  27.25kB)

==============================================================================

